******************************************************************************
                  TI ARM Linker PC v20.2.6                     
******************************************************************************
>> Linked Tue Nov 15 21:43:56 2022

OUTPUT FILE NAME:   <ControlServo.out>
ENTRY POINT SYMBOL: "_c_int00_noargs"  address: 00000b25


MEMORY CONFIGURATION

         name            origin    length      used     unused   attr    fill
----------------------  --------  ---------  --------  --------  ----  --------
  FLASH                 00000000   00040000  00000fba  0003f046  R  X
  SRAM                  20000000   00008000  00000274  00007d8c  RW X


SEGMENT ALLOCATION MAP

run origin  load origin   length   init length attrs members
----------  ----------- ---------- ----------- ----- -------
00000000    00000000    00000fc0   00000fc0    r-x
  00000000    00000000    0000026c   0000026c    r-- .intvecs
  0000026c    0000026c    00000aae   00000aae    r-x .text
  00000d1c    00000d1c    00000270   00000270    r-- .const
  00000f90    00000f90    00000030   00000030    r-- .cinit
20000000    20000000    00000274   00000000    rw-
  20000000    20000000    00000200   00000000    rw- .stack
  20000200    20000200    00000070   00000000    rw- .bss
  20000270    20000270    00000004   00000000    rw- .data


SECTION ALLOCATION MAP

 output                                  attributes/
section   page    origin      length       input sections
--------  ----  ----------  ----------   ----------------
.intvecs   0    00000000    0000026c     
                  00000000    0000026c     tm4c123gh6pm_startup_ccs.obj (.intvecs)

.text      0    0000026c    00000aae     
                  0000026c    000002c0     main.obj (.text)
                  0000052c    00000132     driverlib.lib : gpio.obj (.text:GPIOPadConfigSet)
                  0000065e    00000002     --HOLE-- [fill = 0]
                  00000660    00000110                   : sysctl.obj (.text:SysCtlClockGet)
                  00000770    000000f4                   : sysctl.obj (.text:SysCtlClockSet)
                  00000864    0000009c     rtsv7M4_T_le_v4SPD16_eabi.lib : memcpy_t2.asm.obj (.text)
                  00000900    00000068     driverlib.lib : interrupt.obj (.text:IntEnable)
                  00000968    00000068     rtsv7M4_T_le_v4SPD16_eabi.lib : copy_decompress_lzss.c.obj (.text:decompress:lzss:__TI_decompress_lzss)
                  000009d0    0000004c                                   : atoi.c.obj (.text:atoi)
                  00000a1c    00000048     driverlib.lib : gpio.obj (.text:GPIOPinConfigure)
                  00000a64    00000046                   : uart.obj (.text:UARTConfigSetExpClk)
                  00000aaa    00000002     --HOLE-- [fill = 0]
                  00000aac    00000044     rtsv7M4_T_le_v4SPD16_eabi.lib : autoinit.c.obj (.text:__TI_auto_init_nobinit_nopinit:__TI_auto_init_nobinit_nopinit)
                  00000af0    00000034     driverlib.lib : sysctl.obj (.text:SysCtlPeripheralEnable)
                  00000b24    00000034     rtsv7M4_T_le_v4SPD16_eabi.lib : boot_cortex_m.c.obj (.text:_c_int00_noargs:_c_int00_noargs)
                  00000b58    0000002a     driverlib.lib : gpio.obj (.text:GPIODirModeSet)
                  00000b82    00000022                   : pwm.obj (.text:PWMGenConfigure)
                  00000ba4    00000020                   : uart.obj (.text:UARTDisable)
                  00000bc4    0000001e                   : pwm.obj (.text:PWMPulseWidthSet)
                  00000be2    0000001c     rtsv7M4_T_le_v4SPD16_eabi.lib : copy_zero_init.c.obj (.text:decompress:ZI:__TI_zero_init_nomemset:__TI_zero_init_nomemset)
                  00000bfe    00000018     driverlib.lib : gpio.obj (.text:GPIOPinTypeGPIOOutput)
                  00000c16    00000002     --HOLE-- [fill = 0]
                  00000c18    00000014                   : sysctl.obj (.text:SysCtlPWMClockSet)
                  00000c2c    00000014                   : uart.obj (.text:UARTEnable)
                  00000c40    00000012                   : gpio.obj (.text:GPIOPinTypePWM)
                  00000c52    00000012                   : gpio.obj (.text:GPIOPinTypeUART)
                  00000c64    00000012                   : pwm.obj (.text:PWMOutputState)
                  00000c76    00000010                   : interrupt.obj (.text:IntMasterEnable)
                  00000c86    00000010                   : pwm.obj (.text:PWMGenPeriodSet)
                  00000c96    0000000e                   : uart.obj (.text:UARTCharsAvail)
                  00000ca4    0000000e     rtsv7M4_T_le_v4SPD16_eabi.lib : copy_decompress_none.c.obj (.text:decompress:none:__TI_decompress_none)
                  00000cb2    0000000c     driverlib.lib : cpu.obj (.text:CPUcpsie)
                  00000cbe    0000000c                   : pwm.obj (.text:PWMGenEnable)
                  00000cca    0000000c     tm4c123gh6pm_startup_ccs.obj (.text)
                  00000cd6    0000000a     driverlib.lib : uart.obj (.text:UARTCharGet)
                  00000ce0    0000000a                   : uart.obj (.text:UARTCharPut)
                  00000cea    0000000a                   : uart.obj (.text:UARTIntStatus)
                  00000cf4    00000008                   : uart.obj (.text:UARTIntEnable)
                  00000cfc    00000006                   : gpio.obj (.text:GPIOPinRead)
                  00000d02    00000006                   : gpio.obj (.text:GPIOPinWrite)
                  00000d08    00000006                   : sysctl.obj (.text:SysCtlDelay)
                  00000d0e    00000004                   : uart.obj (.text:UARTIntClear)
                  00000d12    00000004     rtsv7M4_T_le_v4SPD16_eabi.lib : pre_init.c.obj (.text:_system_pre_init)
                  00000d16    00000004                                   : exit.c.obj (.text:abort:abort)

.const     0    00000d1c    00000270     
                  00000d1c    00000101     rtsv7M4_T_le_v4SPD16_eabi.lib : ctype.c.obj (.const:.string:_ctypes_)
                  00000e1d    00000003     --HOLE-- [fill = 0]
                  00000e20    00000090     driverlib.lib : gpio.obj (.const:g_pui32GPIOBaseAddrs)
                  00000eb0    00000070                   : interrupt.obj (.const)
                  00000f20    0000006c                   : sysctl.obj (.const:g_pui32Xtals)

.cinit     0    00000f90    00000030     
                  00000f90    0000000c     (__TI_handler_table)
                  00000f9c    00000004     --HOLE-- [fill = 0]
                  00000fa0    00000008     (.cinit..bss.load) [load image, compression = zero_init]
                  00000fa8    00000007     (.cinit..data.load) [load image, compression = lzss]
                  00000faf    00000001     --HOLE-- [fill = 0]
                  00000fb0    00000010     (__TI_cinit_table)

.init_array 
*          0    00000000    00000000     UNINITIALIZED

.bss       0    20000200    00000070     UNINITIALIZED
                  20000200    00000064     (.common:uartReceive)
                  20000264    00000004     (.common:ui32Load)
                  20000268    00000004     (.common:ui32PWMClock)
                  2000026c    00000004     (.common:ui8Adjust)

.data      0    20000270    00000004     UNINITIALIZED
                  20000270    00000004     main.obj (.data)

.stack     0    20000000    00000200     UNINITIALIZED
                  20000000    00000004     rtsv7M4_T_le_v4SPD16_eabi.lib : boot_cortex_m.c.obj (.stack)
                  20000004    000001fc     --HOLE--

__llvm_prf_cnts 
*          0    20000000    00000000     UNINITIALIZED

MODULE SUMMARY

       Module                         code   ro data   rw data
       ------                         ----   -------   -------
    .\
       main.obj                       704    0         116    
       tm4c123gh6pm_startup_ccs.obj   12     620       0      
    +--+------------------------------+------+---------+---------+
       Total:                         716    620       116    
                                                              
    D:/ti/ti-cgt-arm_18.12.1.LTS/lib/driverlib.lib
       sysctl.obj                     594    108       0      
       gpio.obj                       492    144       0      
       interrupt.obj                  120    112       0      
       uart.obj                       178    0         0      
       pwm.obj                        110    0         0      
       cpu.obj                        12     0         0      
    +--+------------------------------+------+---------+---------+
       Total:                         1506   364       0      
                                                              
    D:\ti\ccs1200\ccs\tools\compiler\ti-cgt-arm_20.2.6.LTS\lib\rtsv7M4_T_le_v4SPD16_eabi.lib
       ctype.c.obj                    0      257       0      
       memcpy_t2.asm.obj              156    0         0      
       copy_decompress_lzss.c.obj     104    0         0      
       atoi.c.obj                     76     0         0      
       autoinit.c.obj                 68     0         0      
       boot_cortex_m.c.obj            52     0         0      
       copy_zero_init.c.obj           28     0         0      
       copy_decompress_none.c.obj     14     0         0      
       exit.c.obj                     4      0         0      
       pre_init.c.obj                 4      0         0      
    +--+------------------------------+------+---------+---------+
       Total:                         506    257       0      
                                                              
       Stack:                         0      0         512    
       Linker Generated:              0      43        0      
    +--+------------------------------+------+---------+---------+
       Grand Total:                   2728   1284      628    


LINKER GENERATED COPY TABLES

__TI_cinit_table @ 00000fb0 records: 2, size/record: 8, table size: 16
	.bss: load addr=00000fa0, load size=00000008 bytes, run addr=20000200, run size=00000070 bytes, compression=zero_init
	.data: load addr=00000fa8, load size=00000007 bytes, run addr=20000270, run size=00000004 bytes, compression=lzss


LINKER GENERATED HANDLER TABLE

__TI_handler_table @ 00000f90 records: 3, size/record: 4, table size: 12
	index: 0, handler: __TI_decompress_lzss
	index: 1, handler: __TI_decompress_none
	index: 2, handler: __TI_zero_init


GLOBAL SYMBOLS: SORTED ALPHABETICALLY BY Name 

address   name                          
-------   ----                          
00000d17  C$$EXIT                       
00000cb3  CPUcpsie                      
00000b59  GPIODirModeSet                
0000052d  GPIOPadConfigSet              
00000a1d  GPIOPinConfigure              
00000cfd  GPIOPinRead                   
00000bff  GPIOPinTypeGPIOOutput         
00000c41  GPIOPinTypePWM                
00000c53  GPIOPinTypeUART               
00000d03  GPIOPinWrite                  
00000901  IntEnable                     
00000c77  IntMasterEnable               
00000b83  PWMGenConfigure               
00000cbf  PWMGenEnable                  
00000c87  PWMGenPeriodSet               
00000c65  PWMOutputState                
00000bc5  PWMPulseWidthSet              
00000299  ProcessUARTForServo           
00000ccb  ResetISR                      
0000026d  SetServoValue                 
00000661  SysCtlClockGet                
00000771  SysCtlClockSet                
00000d09  SysCtlDelay                   
00000c19  SysCtlPWMClockSet             
00000af1  SysCtlPeripheralEnable        
00000cd7  UARTCharGet                   
00000ce1  UARTCharPut                   
00000c97  UARTCharsAvail                
00000a65  UARTConfigSetExpClk           
00000ba5  UARTDisable                   
00000c2d  UARTEnable                    
00000d0f  UARTIntClear                  
00000cf5  UARTIntEnable                 
0000043b  UARTIntHandler                
00000ceb  UARTIntStatus                 
20000200  __STACK_END                   
00000200  __STACK_SIZE                  
20000200  __STACK_TOP                   
00000fb0  __TI_CINIT_Base               
00000fc0  __TI_CINIT_Limit              
00000f90  __TI_Handler_Table_Base       
00000f9c  __TI_Handler_Table_Limit      
00000aad  __TI_auto_init_nobinit_nopinit
00000969  __TI_decompress_lzss          
00000ca5  __TI_decompress_none          
ffffffff  __TI_pprof_out_hndl           
ffffffff  __TI_prof_data_size           
ffffffff  __TI_prof_data_start          
00000000  __TI_static_base__            
00000be3  __TI_zero_init_nomemset       
00000865  __aeabi_memcpy                
00000865  __aeabi_memcpy4               
00000865  __aeabi_memcpy8               
ffffffff  __binit__                     
ffffffff  __c_args__                    
UNDEFED   __mpu_init                    
20000000  __stack                       
20000000  __start___llvm_prf_cnts       
20000000  __stop___llvm_prf_cnts        
00000b25  _c_int00_noargs               
00000d1c  _ctypes_                      
UNDEFED   _system_post_cinit            
00000d13  _system_pre_init              
00000d17  abort                         
000009d1  atoi                          
ffffffff  binit                         
00000000  g_pfnVectors                  
000002ab  main                          
00000865  memcpy                        
20000200  uartReceive                   
20000270  uartReceiveCount              
20000264  ui32Load                      
20000268  ui32PWMClock                  
2000026c  ui8Adjust                     


GLOBAL SYMBOLS: SORTED BY Symbol Address 

address   name                          
-------   ----                          
00000000  __TI_static_base__            
00000000  g_pfnVectors                  
00000200  __STACK_SIZE                  
0000026d  SetServoValue                 
00000299  ProcessUARTForServo           
000002ab  main                          
0000043b  UARTIntHandler                
0000052d  GPIOPadConfigSet              
00000661  SysCtlClockGet                
00000771  SysCtlClockSet                
00000865  __aeabi_memcpy                
00000865  __aeabi_memcpy4               
00000865  __aeabi_memcpy8               
00000865  memcpy                        
00000901  IntEnable                     
00000969  __TI_decompress_lzss          
000009d1  atoi                          
00000a1d  GPIOPinConfigure              
00000a65  UARTConfigSetExpClk           
00000aad  __TI_auto_init_nobinit_nopinit
00000af1  SysCtlPeripheralEnable        
00000b25  _c_int00_noargs               
00000b59  GPIODirModeSet                
00000b83  PWMGenConfigure               
00000ba5  UARTDisable                   
00000bc5  PWMPulseWidthSet              
00000be3  __TI_zero_init_nomemset       
00000bff  GPIOPinTypeGPIOOutput         
00000c19  SysCtlPWMClockSet             
00000c2d  UARTEnable                    
00000c41  GPIOPinTypePWM                
00000c53  GPIOPinTypeUART               
00000c65  PWMOutputState                
00000c77  IntMasterEnable               
00000c87  PWMGenPeriodSet               
00000c97  UARTCharsAvail                
00000ca5  __TI_decompress_none          
00000cb3  CPUcpsie                      
00000cbf  PWMGenEnable                  
00000ccb  ResetISR                      
00000cd7  UARTCharGet                   
00000ce1  UARTCharPut                   
00000ceb  UARTIntStatus                 
00000cf5  UARTIntEnable                 
00000cfd  GPIOPinRead                   
00000d03  GPIOPinWrite                  
00000d09  SysCtlDelay                   
00000d0f  UARTIntClear                  
00000d13  _system_pre_init              
00000d17  C$$EXIT                       
00000d17  abort                         
00000d1c  _ctypes_                      
00000f90  __TI_Handler_Table_Base       
00000f9c  __TI_Handler_Table_Limit      
00000fb0  __TI_CINIT_Base               
00000fc0  __TI_CINIT_Limit              
20000000  __stack                       
20000000  __start___llvm_prf_cnts       
20000000  __stop___llvm_prf_cnts        
20000200  __STACK_END                   
20000200  __STACK_TOP                   
20000200  uartReceive                   
20000264  ui32Load                      
20000268  ui32PWMClock                  
2000026c  ui8Adjust                     
20000270  uartReceiveCount              
ffffffff  __TI_pprof_out_hndl           
ffffffff  __TI_prof_data_size           
ffffffff  __TI_prof_data_start          
ffffffff  __binit__                     
ffffffff  __c_args__                    
ffffffff  binit                         
UNDEFED   __mpu_init                    
UNDEFED   _system_post_cinit            

[74 symbols]
