******************************************************************************
                  TI ARM Linker PC v20.2.6                     
******************************************************************************
>> Linked Fri Nov  4 22:29:56 2022

OUTPUT FILE NAME:   <lab_7-sze_to_kwok_leung-1155149068.out>
ENTRY POINT SYMBOL: "_c_int00_noargs"  address: 00000a55


MEMORY CONFIGURATION

         name            origin    length      used     unused   attr    fill
----------------------  --------  ---------  --------  --------  ----  --------
  FLASH                 00000000   00040000  00000d70  0003f290  R  X
  SRAM                  20000000   00008000  00000234  00007dcc  RW X


SEGMENT ALLOCATION MAP

run origin  load origin   length   init length attrs members
----------  ----------- ---------- ----------- ----- -------
00000000    00000000    00000d74   00000d74    r-x
  00000000    00000000    0000026c   0000026c    r-- .intvecs
  0000026c    0000026c    00000984   00000984    r-x .text
  00000bf0    00000bf0    0000016c   0000016c    r-- .const
  00000d60    00000d60    00000014   00000014    r-- .cinit
20000000    20000000    00000234   00000000    rw-
  20000000    20000000    00000200   00000000    rw- .stack
  20000200    20000200    00000034   00000000    rw- .bss


SECTION ALLOCATION MAP

 output                                  attributes/
section   page    origin      length       input sections
--------  ----  ----------  ----------   ----------------
.intvecs   0    00000000    0000026c     
                  00000000    0000026c     tm4c123gh6pm_startup_ccs.obj (.intvecs)

.text      0    0000026c    00000984     
                  0000026c    00000274     main.obj (.text)
                  000004e0    00000132     driverlib.lib : gpio.obj (.text:GPIOPadConfigSet)
                  00000612    00000002     --HOLE-- [fill = 0]
                  00000614    00000110                   : sysctl.obj (.text:SysCtlClockGet)
                  00000724    000000f4                   : sysctl.obj (.text:SysCtlClockSet)
                  00000818    0000007a                   : adc.obj (.text:ADCSequenceStepConfigure)
                  00000892    00000002     --HOLE-- [fill = 0]
                  00000894    00000068                   : interrupt.obj (.text:IntEnable)
                  000008fc    00000050                   : adc.obj (.text:ADCSequenceConfigure)
                  0000094c    00000048                   : gpio.obj (.text:GPIOPinConfigure)
                  00000994    00000046                   : uart.obj (.text:UARTConfigSetExpClk)
                  000009da    00000002     --HOLE-- [fill = 0]
                  000009dc    00000044     rtsv7M4_T_le_v4SPD16_eabi.lib : autoinit.c.obj (.text:__TI_auto_init_nobinit_nopinit:__TI_auto_init_nobinit_nopinit)
                  00000a20    00000034     driverlib.lib : sysctl.obj (.text:SysCtlPeripheralEnable)
                  00000a54    00000034     rtsv7M4_T_le_v4SPD16_eabi.lib : boot_cortex_m.c.obj (.text:_c_int00_noargs:_c_int00_noargs)
                  00000a88    0000002e     driverlib.lib : adc.obj (.text:ADCIntStatus)
                  00000ab6    0000002a                   : gpio.obj (.text:GPIODirModeSet)
                  00000ae0    00000020                   : uart.obj (.text:UARTDisable)
                  00000b00    0000001e                   : adc.obj (.text:ADCSequenceDataGet)
                  00000b1e    0000001c     rtsv7M4_T_le_v4SPD16_eabi.lib : copy_zero_init.c.obj (.text:decompress:ZI:__TI_zero_init_nomemset:__TI_zero_init_nomemset)
                  00000b3a    00000018     driverlib.lib : adc.obj (.text:ADCProcessorTrigger)
                  00000b52    00000018                   : gpio.obj (.text:GPIOPinTypeGPIOOutput)
                  00000b6a    00000014                   : uart.obj (.text:UARTEnable)
                  00000b7e    00000012                   : gpio.obj (.text:GPIOPinTypeUART)
                  00000b90    00000010                   : interrupt.obj (.text:IntMasterEnable)
                  00000ba0    0000000e                   : adc.obj (.text:ADCSequenceEnable)
                  00000bae    0000000c                   : cpu.obj (.text:CPUcpsie)
                  00000bba    0000000c     tm4c123gh6pm_startup_ccs.obj (.text)
                  00000bc6    0000000a     driverlib.lib : adc.obj (.text:ADCIntClear)
                  00000bd0    0000000a                   : uart.obj (.text:UARTCharPut)
                  00000bda    00000008                   : uart.obj (.text:UARTIntEnable)
                  00000be2    00000006                   : sysctl.obj (.text:SysCtlDelay)
                  00000be8    00000004     rtsv7M4_T_le_v4SPD16_eabi.lib : pre_init.c.obj (.text:_system_pre_init)
                  00000bec    00000004                                   : exit.c.obj (.text:abort:abort)

.const     0    00000bf0    0000016c     
                  00000bf0    00000090     driverlib.lib : gpio.obj (.const:g_pui32GPIOBaseAddrs)
                  00000c80    00000070                   : interrupt.obj (.const)
                  00000cf0    0000006c                   : sysctl.obj (.const:g_pui32Xtals)

.cinit     0    00000d60    00000014     
                  00000d60    00000008     (.cinit..bss.load) [load image, compression = zero_init]
                  00000d68    00000004     (__TI_handler_table)
                  00000d6c    00000008     (__TI_cinit_table)

.init_array 
*          0    00000000    00000000     UNINITIALIZED

.bss       0    20000200    00000034     UNINITIALIZED
                  20000200    00000028     (.common:ui32ADC0Value)
                  20000228    00000004     (.common:ui32TempAvg)
                  2000022c    00000004     (.common:ui32TempValueC)
                  20000230    00000004     (.common:ui32TempValueF)

.stack     0    20000000    00000200     UNINITIALIZED
                  20000000    00000004     rtsv7M4_T_le_v4SPD16_eabi.lib : boot_cortex_m.c.obj (.stack)
                  20000004    000001fc     --HOLE--

__llvm_prf_cnts 
*          0    20000000    00000000     UNINITIALIZED

MODULE SUMMARY

       Module                         code   ro data   rw data
       ------                         ----   -------   -------
    .\
       main.obj                       628    0         52     
       tm4c123gh6pm_startup_ccs.obj   12     620       0      
    +--+------------------------------+------+---------+---------+
       Total:                         640    620       52     
                                                              
    D:/ti/ti-cgt-arm_18.12.1.LTS/lib/driverlib.lib
       sysctl.obj                     574    108       0      
       gpio.obj                       462    144       0      
       adc.obj                        326    0         0      
       interrupt.obj                  120    112       0      
       uart.obj                       140    0         0      
       cpu.obj                        12     0         0      
    +--+------------------------------+------+---------+---------+
       Total:                         1634   364       0      
                                                              
    D:\ti\ccs1200\ccs\tools\compiler\ti-cgt-arm_20.2.6.LTS\lib\rtsv7M4_T_le_v4SPD16_eabi.lib
       autoinit.c.obj                 68     0         0      
       boot_cortex_m.c.obj            52     0         0      
       copy_zero_init.c.obj           28     0         0      
       exit.c.obj                     4      0         0      
       pre_init.c.obj                 4      0         0      
    +--+------------------------------+------+---------+---------+
       Total:                         156    0         0      
                                                              
       Stack:                         0      0         512    
       Linker Generated:              0      20        0      
    +--+------------------------------+------+---------+---------+
       Grand Total:                   2430   1004      564    


LINKER GENERATED COPY TABLES

__TI_cinit_table @ 00000d6c records: 1, size/record: 8, table size: 8
	.bss: load addr=00000d60, load size=00000008 bytes, run addr=20000200, run size=00000034 bytes, compression=zero_init


LINKER GENERATED HANDLER TABLE

__TI_handler_table @ 00000d68 records: 1, size/record: 4, table size: 4
	index: 0, handler: __TI_zero_init


GLOBAL SYMBOLS: SORTED ALPHABETICALLY BY Name 

address   name                          
-------   ----                          
00000bc7  ADCIntClear                   
00000a89  ADCIntStatus                  
00000b3b  ADCProcessorTrigger           
000008fd  ADCSequenceConfigure          
00000b01  ADCSequenceDataGet            
00000ba1  ADCSequenceEnable             
00000819  ADCSequenceStepConfigure      
00000bed  C$$EXIT                       
00000baf  CPUcpsie                      
00000ab7  GPIODirModeSet                
000004e1  GPIOPadConfigSet              
0000094d  GPIOPinConfigure              
00000b53  GPIOPinTypeGPIOOutput         
00000b7f  GPIOPinTypeUART               
00000895  IntEnable                     
00000b91  IntMasterEnable               
00000bbb  ResetISR                      
00000615  SysCtlClockGet                
00000725  SysCtlClockSet                
00000be3  SysCtlDelay                   
00000a21  SysCtlPeripheralEnable        
00000bd1  UARTCharPut                   
00000995  UARTConfigSetExpClk           
00000ae1  UARTDisable                   
00000b6b  UARTEnable                    
00000bdb  UARTIntEnable                 
0000026d  UARTStringPut                 
20000200  __STACK_END                   
00000200  __STACK_SIZE                  
20000200  __STACK_TOP                   
00000d6c  __TI_CINIT_Base               
00000d74  __TI_CINIT_Limit              
00000d68  __TI_Handler_Table_Base       
00000d6c  __TI_Handler_Table_Limit      
000009dd  __TI_auto_init_nobinit_nopinit
ffffffff  __TI_pprof_out_hndl           
ffffffff  __TI_prof_data_size           
ffffffff  __TI_prof_data_start          
00000000  __TI_static_base__            
00000b1f  __TI_zero_init_nomemset       
ffffffff  __binit__                     
ffffffff  __c_args__                    
UNDEFED   __mpu_init                    
20000000  __stack                       
20000000  __start___llvm_prf_cnts       
20000000  __stop___llvm_prf_cnts        
00000a55  _c_int00_noargs               
UNDEFED   _system_post_cinit            
00000be9  _system_pre_init              
00000bed  abort                         
ffffffff  binit                         
00000000  g_pfnVectors                  
00000295  main                          
20000200  ui32ADC0Value                 
20000228  ui32TempAvg                   
2000022c  ui32TempValueC                
20000230  ui32TempValueF                


GLOBAL SYMBOLS: SORTED BY Symbol Address 

address   name                          
-------   ----                          
00000000  __TI_static_base__            
00000000  g_pfnVectors                  
00000200  __STACK_SIZE                  
0000026d  UARTStringPut                 
00000295  main                          
000004e1  GPIOPadConfigSet              
00000615  SysCtlClockGet                
00000725  SysCtlClockSet                
00000819  ADCSequenceStepConfigure      
00000895  IntEnable                     
000008fd  ADCSequenceConfigure          
0000094d  GPIOPinConfigure              
00000995  UARTConfigSetExpClk           
000009dd  __TI_auto_init_nobinit_nopinit
00000a21  SysCtlPeripheralEnable        
00000a55  _c_int00_noargs               
00000a89  ADCIntStatus                  
00000ab7  GPIODirModeSet                
00000ae1  UARTDisable                   
00000b01  ADCSequenceDataGet            
00000b1f  __TI_zero_init_nomemset       
00000b3b  ADCProcessorTrigger           
00000b53  GPIOPinTypeGPIOOutput         
00000b6b  UARTEnable                    
00000b7f  GPIOPinTypeUART               
00000b91  IntMasterEnable               
00000ba1  ADCSequenceEnable             
00000baf  CPUcpsie                      
00000bbb  ResetISR                      
00000bc7  ADCIntClear                   
00000bd1  UARTCharPut                   
00000bdb  UARTIntEnable                 
00000be3  SysCtlDelay                   
00000be9  _system_pre_init              
00000bed  C$$EXIT                       
00000bed  abort                         
00000d68  __TI_Handler_Table_Base       
00000d6c  __TI_CINIT_Base               
00000d6c  __TI_Handler_Table_Limit      
00000d74  __TI_CINIT_Limit              
20000000  __stack                       
20000000  __start___llvm_prf_cnts       
20000000  __stop___llvm_prf_cnts        
20000200  __STACK_END                   
20000200  __STACK_TOP                   
20000200  ui32ADC0Value                 
20000228  ui32TempAvg                   
2000022c  ui32TempValueC                
20000230  ui32TempValueF                
ffffffff  __TI_pprof_out_hndl           
ffffffff  __TI_prof_data_size           
ffffffff  __TI_prof_data_start          
ffffffff  __binit__                     
ffffffff  __c_args__                    
ffffffff  binit                         
UNDEFED   __mpu_init                    
UNDEFED   _system_post_cinit            

[57 symbols]
