******************************************************************************
                  TI ARM Linker PC v20.2.6                     
******************************************************************************
>> Linked Wed Sep 28 16:20:58 2022

OUTPUT FILE NAME:   <lab_3-sze_to_kwok_leung-1155149068.out>
ENTRY POINT SYMBOL: "_c_int00_noinit_noargs"  address: 00000b69


MEMORY CONFIGURATION

         name            origin    length      used     unused   attr    fill
----------------------  --------  ---------  --------  --------  ----  --------
  FLASH                 00000000   00040000  00000c0e  0003f3f2  R  X
  SRAM                  20000000   00008000  00000200  00007e00  RW X


SEGMENT ALLOCATION MAP

run origin  load origin   length   init length attrs members
----------  ----------- ---------- ----------- ----- -------
00000000    00000000    00000c0e   00000c0e    r-x
  00000000    00000000    0000026c   0000026c    r-- .intvecs
  0000026c    0000026c    000009a2   000009a2    r-x .text
20000000    20000000    00000200   00000000    rw-
  20000000    20000000    00000200   00000000    rw- .stack


SECTION ALLOCATION MAP

 output                                  attributes/
section   page    origin      length       input sections
--------  ----  ----------  ----------   ----------------
.intvecs   0    00000000    0000026c     
                  00000000    0000026c     tm4c123gh6pm_startup_ccs.obj (.intvecs)

.text      0    0000026c    000009a2     
                  0000026c    000006a0     main.obj (.text)
                  0000090c    00000132     driverlib.lib : gpio.obj (.text:GPIOPadConfigSet)
                  00000a3e    00000002     --HOLE-- [fill = 0]
                  00000a40    000000f4                   : sysctl.obj (.text:SysCtlClockSet)
                  00000b34    00000034                   : sysctl.obj (.text:SysCtlPeripheralEnable)
                  00000b68    0000002c     rtsv7M4_T_le_v4SPD16_eabi.lib : boot_cortex_m.c.obj (.text:_c_int00_noinit_noargs:_c_int00_noinit_noargs)
                  00000b94    0000002a     driverlib.lib : gpio.obj (.text:GPIODirModeSet)
                  00000bbe    00000018                   : gpio.obj (.text:GPIOPinTypeGPIOOutput)
                  00000bd6    00000012                   : gpio.obj (.text:GPIOPinTypeGPIOInput)
                  00000be8    0000000c     tm4c123gh6pm_startup_ccs.obj (.text)
                  00000bf4    00000006     driverlib.lib : gpio.obj (.text:GPIOPinRead)
                  00000bfa    00000006                   : gpio.obj (.text:GPIOPinWrite)
                  00000c00    00000006                   : sysctl.obj (.text:SysCtlDelay)
                  00000c06    00000004     rtsv7M4_T_le_v4SPD16_eabi.lib : pre_init.c.obj (.text:_system_pre_init)
                  00000c0a    00000004                                   : exit.c.obj (.text:abort:abort)

.cinit     0    00000000    00000000     UNINITIALIZED

.init_array 
*          0    00000000    00000000     UNINITIALIZED

.stack     0    20000000    00000200     UNINITIALIZED
                  20000000    00000004     rtsv7M4_T_le_v4SPD16_eabi.lib : boot_cortex_m.c.obj (.stack)
                  20000004    000001fc     --HOLE--

__llvm_prf_cnts 
*          0    20000000    00000000     UNINITIALIZED

MODULE SUMMARY

       Module                         code   ro data   rw data
       ------                         ----   -------   -------
    .\
       main.obj                       1696   0         0      
       tm4c123gh6pm_startup_ccs.obj   12     620       0      
    +--+------------------------------+------+---------+---------+
       Total:                         1708   620       0      
                                                              
    D:/ti/TivaWare_C_Series-2.1.4.178/driverlib/ccs/Debug/driverlib.lib
       gpio.obj                       402    0         0      
       sysctl.obj                     302    0         0      
    +--+------------------------------+------+---------+---------+
       Total:                         704    0         0      
                                                              
    D:\ti\ccs1200\ccs\tools\compiler\ti-cgt-arm_20.2.6.LTS\lib\rtsv7M4_T_le_v4SPD16_eabi.lib
       boot_cortex_m.c.obj            44     0         0      
       exit.c.obj                     4      0         0      
       pre_init.c.obj                 4      0         0      
    +--+------------------------------+------+---------+---------+
       Total:                         52     0         0      
                                                              
       Stack:                         0      0         512    
    +--+------------------------------+------+---------+---------+
       Grand Total:                   2464   620       512    


GLOBAL SYMBOLS: SORTED ALPHABETICALLY BY Name 

address   name                   
-------   ----                   
00000c0b  C$$EXIT                
00000b95  GPIODirModeSet         
0000090d  GPIOPadConfigSet       
00000bf5  GPIOPinRead            
00000bd7  GPIOPinTypeGPIOInput   
00000bbf  GPIOPinTypeGPIOOutput  
00000bfb  GPIOPinWrite           
000007a7  LCD_command            
0000080b  LCD_data               
000008c9  LCD_display_message    
0000075f  LCD_init               
0000085d  LCD_position           
00000be9  ResetISR               
00000a41  SysCtlClockSet         
00000c01  SysCtlDelay            
00000b35  SysCtlPeripheralEnable 
20000200  __STACK_END            
00000200  __STACK_SIZE           
20000200  __STACK_TOP            
ffffffff  __TI_pprof_out_hndl    
ffffffff  __TI_prof_data_size    
ffffffff  __TI_prof_data_start   
00000000  __TI_static_base__     
ffffffff  __binit__              
ffffffff  __c_args__             
UNDEFED   __mpu_init             
20000000  __stack                
20000000  __start___llvm_prf_cnts
20000000  __stop___llvm_prf_cnts 
00000b69  _c_int00_noinit_noargs 
00000c07  _system_pre_init       
00000c0b  abort                  
ffffffff  binit                  
00000639  clear_row              
000006a1  delayMs                
000006ef  delayUs                
0000067d  display_input          
0000064d  flushInput             
00000000  g_pfnVectors           
0000026d  main                   
000004e5  numpad_read            


GLOBAL SYMBOLS: SORTED BY Symbol Address 

address   name                   
-------   ----                   
00000000  __TI_static_base__     
00000000  g_pfnVectors           
00000200  __STACK_SIZE           
0000026d  main                   
000004e5  numpad_read            
00000639  clear_row              
0000064d  flushInput             
0000067d  display_input          
000006a1  delayMs                
000006ef  delayUs                
0000075f  LCD_init               
000007a7  LCD_command            
0000080b  LCD_data               
0000085d  LCD_position           
000008c9  LCD_display_message    
0000090d  GPIOPadConfigSet       
00000a41  SysCtlClockSet         
00000b35  SysCtlPeripheralEnable 
00000b69  _c_int00_noinit_noargs 
00000b95  GPIODirModeSet         
00000bbf  GPIOPinTypeGPIOOutput  
00000bd7  GPIOPinTypeGPIOInput   
00000be9  ResetISR               
00000bf5  GPIOPinRead            
00000bfb  GPIOPinWrite           
00000c01  SysCtlDelay            
00000c07  _system_pre_init       
00000c0b  C$$EXIT                
00000c0b  abort                  
20000000  __stack                
20000000  __start___llvm_prf_cnts
20000000  __stop___llvm_prf_cnts 
20000200  __STACK_END            
20000200  __STACK_TOP            
ffffffff  __TI_pprof_out_hndl    
ffffffff  __TI_prof_data_size    
ffffffff  __TI_prof_data_start   
ffffffff  __binit__              
ffffffff  __c_args__             
ffffffff  binit                  
UNDEFED   __mpu_init             

[41 symbols]
