******************************************************************************
                  TI ARM Linker PC v20.2.6                     
******************************************************************************
>> Linked Wed Oct 19 16:09:15 2022

OUTPUT FILE NAME:   <lab_5-sze_to_kwok_leung-1155149068.out>
ENTRY POINT SYMBOL: "_c_int00_noargs"  address: 000009c9


MEMORY CONFIGURATION

         name            origin    length      used     unused   attr    fill
----------------------  --------  ---------  --------  --------  ----  --------
  FLASH                 00000000   00040000  00000c96  0003f36a  R  X
  SRAM                  20000000   00008000  00000270  00007d90  RW X


SEGMENT ALLOCATION MAP

run origin  load origin   length   init length attrs members
----------  ----------- ---------- ----------- ----- -------
00000000    00000000    00000c9c   00000c9c    r-x
  00000000    00000000    0000026c   0000026c    r-- .intvecs
  0000026c    0000026c    000008aa   000008aa    r-x .text
  00000b18    00000b18    0000016c   0000016c    r-- .const
  00000c88    00000c88    00000014   00000014    r-- .cinit
20000000    20000000    00000270   00000000    rw-
  20000000    20000000    00000200   00000000    rw- .stack
  20000200    20000200    00000070   00000000    rw- .bss


SECTION ALLOCATION MAP

 output                                  attributes/
section   page    origin      length       input sections
--------  ----  ----------  ----------   ----------------
.intvecs   0    00000000    0000026c     
                  00000000    0000026c     tm4c123gh6pm_startup_ccs.obj (.intvecs)

.text      0    0000026c    000008aa     
                  0000026c    000002b4     main.obj (.text)
                  00000520    00000132     driverlib.lib : gpio.obj (.text:GPIOPadConfigSet)
                  00000652    00000002     --HOLE-- [fill = 0]
                  00000654    00000110                   : sysctl.obj (.text:SysCtlClockGet)
                  00000764    000000f4                   : sysctl.obj (.text:SysCtlClockSet)
                  00000858    00000068                   : interrupt.obj (.text:IntEnable)
                  000008c0    00000048                   : gpio.obj (.text:GPIOPinConfigure)
                  00000908    00000046                   : uart.obj (.text:UARTConfigSetExpClk)
                  0000094e    00000002     --HOLE-- [fill = 0]
                  00000950    00000044     rtsv7M4_T_le_v4SPD16_eabi.lib : autoinit.c.obj (.text:__TI_auto_init_nobinit_nopinit:__TI_auto_init_nobinit_nopinit)
                  00000994    00000034     driverlib.lib : sysctl.obj (.text:SysCtlPeripheralEnable)
                  000009c8    00000034     rtsv7M4_T_le_v4SPD16_eabi.lib : boot_cortex_m.c.obj (.text:_c_int00_noargs:_c_int00_noargs)
                  000009fc    0000002a     driverlib.lib : gpio.obj (.text:GPIODirModeSet)
                  00000a26    00000002     --HOLE-- [fill = 0]
                  00000a28    00000020                   : uart.obj (.text:UARTDisable)
                  00000a48    0000001c     rtsv7M4_T_le_v4SPD16_eabi.lib : copy_zero_init.c.obj (.text:decompress:ZI:__TI_zero_init_nomemset:__TI_zero_init_nomemset)
                  00000a64    00000018     driverlib.lib : gpio.obj (.text:GPIOPinTypeGPIOOutput)
                  00000a7c    00000014                   : uart.obj (.text:UARTEnable)
                  00000a90    00000012                   : gpio.obj (.text:GPIOPinTypeUART)
                  00000aa2    00000010                   : interrupt.obj (.text:IntMasterEnable)
                  00000ab2    0000000e                   : uart.obj (.text:UARTCharsAvail)
                  00000ac0    0000000c                   : cpu.obj (.text:CPUcpsie)
                  00000acc    0000000c     tm4c123gh6pm_startup_ccs.obj (.text)
                  00000ad8    0000000a     driverlib.lib : uart.obj (.text:UARTCharGet)
                  00000ae2    0000000a                   : uart.obj (.text:UARTCharPut)
                  00000aec    0000000a                   : uart.obj (.text:UARTIntStatus)
                  00000af6    00000008                   : uart.obj (.text:UARTIntEnable)
                  00000afe    00000006                   : gpio.obj (.text:GPIOPinWrite)
                  00000b04    00000006                   : sysctl.obj (.text:SysCtlDelay)
                  00000b0a    00000004                   : uart.obj (.text:UARTIntClear)
                  00000b0e    00000004     rtsv7M4_T_le_v4SPD16_eabi.lib : pre_init.c.obj (.text:_system_pre_init)
                  00000b12    00000004                                   : exit.c.obj (.text:abort:abort)

.const     0    00000b18    0000016c     
                  00000b18    00000090     driverlib.lib : gpio.obj (.const:g_pui32GPIOBaseAddrs)
                  00000ba8    00000070                   : interrupt.obj (.const)
                  00000c18    0000006c                   : sysctl.obj (.const:g_pui32Xtals)

.cinit     0    00000c88    00000014     
                  00000c88    00000008     (.cinit..bss.load) [load image, compression = zero_init]
                  00000c90    00000004     (__TI_handler_table)
                  00000c94    00000008     (__TI_cinit_table)

.init_array 
*          0    00000000    00000000     UNINITIALIZED

.bss       0    20000200    00000070     UNINITIALIZED
                  20000200    00000070     (.common:q)

.stack     0    20000000    00000200     UNINITIALIZED
                  20000000    00000004     rtsv7M4_T_le_v4SPD16_eabi.lib : boot_cortex_m.c.obj (.stack)
                  20000004    000001fc     --HOLE--

__llvm_prf_cnts 
*          0    20000000    00000000     UNINITIALIZED

MODULE SUMMARY

       Module                         code   ro data   rw data
       ------                         ----   -------   -------
    .\
       main.obj                       692    0         112    
       tm4c123gh6pm_startup_ccs.obj   12     620       0      
    +--+------------------------------+------+---------+---------+
       Total:                         704    620       112    
                                                              
    D:/ti/ti-cgt-arm_18.12.1.LTS/lib/driverlib.lib
       sysctl.obj                     574    108       0      
       gpio.obj                       468    144       0      
       interrupt.obj                  120    112       0      
       uart.obj                       178    0         0      
       cpu.obj                        12     0         0      
    +--+------------------------------+------+---------+---------+
       Total:                         1352   364       0      
                                                              
    D:\ti\ccs1200\ccs\tools\compiler\ti-cgt-arm_20.2.6.LTS\lib\rtsv7M4_T_le_v4SPD16_eabi.lib
       autoinit.c.obj                 68     0         0      
       boot_cortex_m.c.obj            52     0         0      
       copy_zero_init.c.obj           28     0         0      
       exit.c.obj                     4      0         0      
       pre_init.c.obj                 4      0         0      
    +--+------------------------------+------+---------+---------+
       Total:                         156    0         0      
                                                              
       Stack:                         0      0         512    
       Linker Generated:              0      20        0      
    +--+------------------------------+------+---------+---------+
       Grand Total:                   2212   1004      624    


LINKER GENERATED COPY TABLES

__TI_cinit_table @ 00000c94 records: 1, size/record: 8, table size: 8
	.bss: load addr=00000c88, load size=00000008 bytes, run addr=20000200, run size=00000070 bytes, compression=zero_init


LINKER GENERATED HANDLER TABLE

__TI_handler_table @ 00000c90 records: 1, size/record: 4, table size: 4
	index: 0, handler: __TI_zero_init


GLOBAL SYMBOLS: SORTED ALPHABETICALLY BY Name 

address   name                          
-------   ----                          
00000b13  C$$EXIT                       
00000ac1  CPUcpsie                      
000009fd  GPIODirModeSet                
00000521  GPIOPadConfigSet              
000008c1  GPIOPinConfigure              
00000a65  GPIOPinTypeGPIOOutput         
00000a91  GPIOPinTypeUART               
00000aff  GPIOPinWrite                  
00000859  IntEnable                     
00000aa3  IntMasterEnable               
00000319  Q_Dequeue                     
000002a7  Q_Empty                       
000002d3  Q_Enequeue                    
000002bb  Q_Full                        
0000026d  Q_Init                        
00000acd  ResetISR                      
00000655  SysCtlClockGet                
00000765  SysCtlClockSet                
00000b05  SysCtlDelay                   
00000995  SysCtlPeripheralEnable        
00000ad9  UARTCharGet                   
00000ae3  UARTCharPut                   
00000ab3  UARTCharsAvail                
00000909  UARTConfigSetExpClk           
00000a29  UARTDisable                   
00000a7d  UARTEnable                    
00000b0b  UARTIntClear                  
00000af7  UARTIntEnable                 
00000449  UARTIntHandler                
00000aed  UARTIntStatus                 
00000421  UARTStringPut                 
20000200  __STACK_END                   
00000200  __STACK_SIZE                  
20000200  __STACK_TOP                   
00000c94  __TI_CINIT_Base               
00000c9c  __TI_CINIT_Limit              
00000c90  __TI_Handler_Table_Base       
00000c94  __TI_Handler_Table_Limit      
00000951  __TI_auto_init_nobinit_nopinit
ffffffff  __TI_pprof_out_hndl           
ffffffff  __TI_prof_data_size           
ffffffff  __TI_prof_data_start          
00000000  __TI_static_base__            
00000a49  __TI_zero_init_nomemset       
ffffffff  __binit__                     
ffffffff  __c_args__                    
UNDEFED   __mpu_init                    
20000000  __stack                       
20000000  __start___llvm_prf_cnts       
20000000  __stop___llvm_prf_cnts        
000009c9  _c_int00_noargs               
UNDEFED   _system_post_cinit            
00000b0f  _system_pre_init              
00000b13  abort                         
ffffffff  binit                         
00000000  g_pfnVectors                  
0000035b  main                          
20000200  q                             


GLOBAL SYMBOLS: SORTED BY Symbol Address 

address   name                          
-------   ----                          
00000000  __TI_static_base__            
00000000  g_pfnVectors                  
00000200  __STACK_SIZE                  
0000026d  Q_Init                        
000002a7  Q_Empty                       
000002bb  Q_Full                        
000002d3  Q_Enequeue                    
00000319  Q_Dequeue                     
0000035b  main                          
00000421  UARTStringPut                 
00000449  UARTIntHandler                
00000521  GPIOPadConfigSet              
00000655  SysCtlClockGet                
00000765  SysCtlClockSet                
00000859  IntEnable                     
000008c1  GPIOPinConfigure              
00000909  UARTConfigSetExpClk           
00000951  __TI_auto_init_nobinit_nopinit
00000995  SysCtlPeripheralEnable        
000009c9  _c_int00_noargs               
000009fd  GPIODirModeSet                
00000a29  UARTDisable                   
00000a49  __TI_zero_init_nomemset       
00000a65  GPIOPinTypeGPIOOutput         
00000a7d  UARTEnable                    
00000a91  GPIOPinTypeUART               
00000aa3  IntMasterEnable               
00000ab3  UARTCharsAvail                
00000ac1  CPUcpsie                      
00000acd  ResetISR                      
00000ad9  UARTCharGet                   
00000ae3  UARTCharPut                   
00000aed  UARTIntStatus                 
00000af7  UARTIntEnable                 
00000aff  GPIOPinWrite                  
00000b05  SysCtlDelay                   
00000b0b  UARTIntClear                  
00000b0f  _system_pre_init              
00000b13  C$$EXIT                       
00000b13  abort                         
00000c90  __TI_Handler_Table_Base       
00000c94  __TI_CINIT_Base               
00000c94  __TI_Handler_Table_Limit      
00000c9c  __TI_CINIT_Limit              
20000000  __stack                       
20000000  __start___llvm_prf_cnts       
20000000  __stop___llvm_prf_cnts        
20000200  __STACK_END                   
20000200  __STACK_TOP                   
20000200  q                             
ffffffff  __TI_pprof_out_hndl           
ffffffff  __TI_prof_data_size           
ffffffff  __TI_prof_data_start          
ffffffff  __binit__                     
ffffffff  __c_args__                    
ffffffff  binit                         
UNDEFED   __mpu_init                    
UNDEFED   _system_post_cinit            

[58 symbols]
