******************************************************************************
                  TI ARM Linker PC v20.2.6                     
******************************************************************************
>> Linked Thu Oct 13 23:44:39 2022

OUTPUT FILE NAME:   <lab_4-sze_to_kwok_leung-1155149068.out>
ENTRY POINT SYMBOL: "_c_int00_noargs"  address: 00000a51


MEMORY CONFIGURATION

         name            origin    length      used     unused   attr    fill
----------------------  --------  ---------  --------  --------  ----  --------
  FLASH                 00000000   00040000  00000e56  0003f1aa  R  X
  SRAM                  20000000   00008000  0000047c  00007b84  RW X


SEGMENT ALLOCATION MAP

run origin  load origin   length   init length attrs members
----------  ----------- ---------- ----------- ----- -------
00000000    00000000    00000e58   00000e58    r-x
  00000000    00000000    0000026c   0000026c    r-- .intvecs
  0000026c    0000026c    0000092e   0000092e    r-x .text
  00000b9c    00000b9c    00000274   00000274    r-- .const
  00000e10    00000e10    00000048   00000048    r-- .cinit
20000000    20000000    00000480   00000000    rw-
  20000000    20000000    0000026c   00000000    rw- .vtable
  20000270    20000270    00000200   00000000    rw- .stack
  20000470    20000470    00000008   00000000    rw- .bss
  20000478    20000478    00000008   00000000    rw- .data


SECTION ALLOCATION MAP

 output                                  attributes/
section   page    origin      length       input sections
--------  ----  ----------  ----------   ----------------
.intvecs   0    00000000    0000026c     
                  00000000    0000026c     tm4c123gh6pm_startup_ccs.obj (.intvecs)

.text      0    0000026c    0000092e     
                  0000026c    00000198     main.obj (.text)
                  00000404    00000132     driverlib.lib : gpio.obj (.text:GPIOPadConfigSet)
                  00000536    00000002     --HOLE-- [fill = 0]
                  00000538    00000110                   : sysctl.obj (.text:SysCtlClockGet)
                  00000648    000000f4                   : sysctl.obj (.text:SysCtlClockSet)
                  0000073c    0000009c     rtsv7M4_T_le_v4SPD16_eabi.lib : memcpy_t2.asm.obj (.text)
                  000007d8    00000068     driverlib.lib : interrupt.obj (.text:IntEnable)
                  00000840    00000068     rtsv7M4_T_le_v4SPD16_eabi.lib : copy_decompress_lzss.c.obj (.text:decompress:lzss:__TI_decompress_lzss)
                  000008a8    00000060     driverlib.lib : timer.obj (.text:TimerConfigure)
                  00000908    00000056                   : gpio.obj (.text:GPIOIntTypeSet)
                  0000095e    00000002     --HOLE-- [fill = 0]
                  00000960    00000044                   : gpio.obj (.text:_GPIOIntNumberGet)
                  000009a4    00000044     rtsv7M4_T_le_v4SPD16_eabi.lib : autoinit.c.obj (.text:__TI_auto_init_nobinit_nopinit:__TI_auto_init_nobinit_nopinit)
                  000009e8    00000034     driverlib.lib : interrupt.obj (.text:IntRegister)
                  00000a1c    00000034                   : sysctl.obj (.text:SysCtlPeripheralEnable)
                  00000a50    00000034     rtsv7M4_T_le_v4SPD16_eabi.lib : boot_cortex_m.c.obj (.text:_c_int00_noargs:_c_int00_noargs)
                  00000a84    0000002a     driverlib.lib : gpio.obj (.text:GPIODirModeSet)
                  00000aae    0000001c     rtsv7M4_T_le_v4SPD16_eabi.lib : copy_zero_init.c.obj (.text:decompress:ZI:__TI_zero_init_nomemset:__TI_zero_init_nomemset)
                  00000aca    00000018     driverlib.lib : gpio.obj (.text:GPIOIntRegister)
                  00000ae2    00000018                   : gpio.obj (.text:GPIOPinTypeGPIOOutput)
                  00000afa    00000012                   : gpio.obj (.text:GPIOPinTypeGPIOInput)
                  00000b0c    00000012                   : timer.obj (.text:TimerLoadSet)
                  00000b1e    00000010                   : interrupt.obj (.text:IntMasterEnable)
                  00000b2e    0000000e                   : timer.obj (.text:TimerEnable)
                  00000b3c    0000000e     rtsv7M4_T_le_v4SPD16_eabi.lib : copy_decompress_none.c.obj (.text:decompress:none:__TI_decompress_none)
                  00000b4a    0000000c     driverlib.lib : cpu.obj (.text:CPUcpsie)
                  00000b56    0000000c                   : gpio.obj (.text:GPIOIntEnable)
                  00000b62    0000000c     tm4c123gh6pm_startup_ccs.obj (.text)
                  00000b6e    00000008     driverlib.lib : timer.obj (.text:TimerIntEnable)
                  00000b76    00000006                   : gpio.obj (.text:GPIOIntClear)
                  00000b7c    00000006                   : gpio.obj (.text:GPIOPinRead)
                  00000b82    00000006                   : gpio.obj (.text:GPIOPinWrite)
                  00000b88    00000006                   : sysctl.obj (.text:SysCtlDelay)
                  00000b8e    00000004                   : timer.obj (.text:TimerIntClear)
                  00000b92    00000004     rtsv7M4_T_le_v4SPD16_eabi.lib : pre_init.c.obj (.text:_system_pre_init)
                  00000b96    00000004                                   : exit.c.obj (.text:abort:abort)

.const     0    00000b9c    00000274     
                  00000b9c    000000d8     driverlib.lib : gpio.obj (.const:g_ppui32GPIOIntMapSnowflake)
                  00000c74    000000c0                   : gpio.obj (.const:g_ppui32GPIOIntMapBlizzard)
                  00000d34    00000070                   : interrupt.obj (.const)
                  00000da4    0000006c                   : sysctl.obj (.const:g_pui32Xtals)

.cinit     0    00000e10    00000048     
                  00000e10    0000000d     (.cinit..data.load) [load image, compression = lzss]
                  00000e1d    00000003     --HOLE-- [fill = 0]
                  00000e20    0000000c     (__TI_handler_table)
                  00000e2c    00000004     --HOLE-- [fill = 0]
                  00000e30    00000008     (.cinit..bss.load) [load image, compression = zero_init]
                  00000e38    00000008     (.cinit..vtable.load) [load image, compression = zero_init]
                  00000e40    00000018     (__TI_cinit_table)

.init_array 
*          0    00000000    00000000     UNINITIALIZED

.vtable    0    20000000    0000026c     UNINITIALIZED
                  20000000    0000026c     driverlib.lib : interrupt.obj (.vtable)

.bss       0    20000470    00000008     UNINITIALIZED
                  20000470    00000004     (.common:ui32Period_0)
                  20000474    00000004     (.common:ui32Period_1)

.data      0    20000478    00000008     UNINITIALIZED
                  20000478    00000008     main.obj (.data)

.stack     0    20000270    00000200     UNINITIALIZED
                  20000270    00000004     rtsv7M4_T_le_v4SPD16_eabi.lib : boot_cortex_m.c.obj (.stack)
                  20000274    000001fc     --HOLE--

__llvm_prf_cnts 
*          0    20000000    00000000     UNINITIALIZED

MODULE SUMMARY

       Module                         code   ro data   rw data
       ------                         ----   -------   -------
    .\
       tm4c123gh6pm_startup_ccs.obj   12     620       0      
       main.obj                       408    0         16     
    +--+------------------------------+------+---------+---------+
       Total:                         420    620       16     
                                                              
    D:/ti/TivaWare_C_Series-2.1.4.178/driverlib/ccs/Debug/driverlib.lib
       gpio.obj                       598    408       0      
       interrupt.obj                  172    112       620    
       sysctl.obj                     574    108       0      
       timer.obj                      140    0         0      
       cpu.obj                        12     0         0      
    +--+------------------------------+------+---------+---------+
       Total:                         1496   628       620    
                                                              
    D:\ti\ccs1200\ccs\tools\compiler\ti-cgt-arm_20.2.6.LTS\lib\rtsv7M4_T_le_v4SPD16_eabi.lib
       memcpy_t2.asm.obj              156    0         0      
       copy_decompress_lzss.c.obj     104    0         0      
       autoinit.c.obj                 68     0         0      
       boot_cortex_m.c.obj            52     0         0      
       copy_zero_init.c.obj           28     0         0      
       copy_decompress_none.c.obj     14     0         0      
       exit.c.obj                     4      0         0      
       pre_init.c.obj                 4      0         0      
    +--+------------------------------+------+---------+---------+
       Total:                         430    0         0      
                                                              
       Stack:                         0      0         512    
       Linker Generated:              0      65        0      
    +--+------------------------------+------+---------+---------+
       Grand Total:                   2346   1313      1148   


LINKER GENERATED COPY TABLES

__TI_cinit_table @ 00000e40 records: 3, size/record: 8, table size: 24
	.data: load addr=00000e10, load size=0000000d bytes, run addr=20000478, run size=00000008 bytes, compression=lzss
	.bss: load addr=00000e30, load size=00000008 bytes, run addr=20000470, run size=00000008 bytes, compression=zero_init
	.vtable: load addr=00000e38, load size=00000008 bytes, run addr=20000000, run size=0000026c bytes, compression=zero_init


LINKER GENERATED HANDLER TABLE

__TI_handler_table @ 00000e20 records: 3, size/record: 4, table size: 12
	index: 0, handler: __TI_zero_init
	index: 1, handler: __TI_decompress_lzss
	index: 2, handler: __TI_decompress_none


GLOBAL SYMBOLS: SORTED ALPHABETICALLY BY Name 

address   name                          
-------   ----                          
00000b97  C$$EXIT                       
00000b4b  CPUcpsie                      
00000a85  GPIODirModeSet                
00000b77  GPIOIntClear                  
00000b57  GPIOIntEnable                 
00000acb  GPIOIntRegister               
00000909  GPIOIntTypeSet                
00000405  GPIOPadConfigSet              
00000b7d  GPIOPinRead                   
00000afb  GPIOPinTypeGPIOInput          
00000ae3  GPIOPinTypeGPIOOutput         
00000b83  GPIOPinWrite                  
0000032f  GPIO_PORtF_Handler            
000007d9  IntEnable                     
00000b1f  IntMasterEnable               
000009e9  IntRegister                   
00000b63  ResetISR                      
00000539  SysCtlClockGet                
00000649  SysCtlClockSet                
00000b89  SysCtlDelay                   
00000a1d  SysCtlPeripheralEnable        
0000037b  Timer0IntHandler              
000003a9  Timer1IntHandler              
000008a9  TimerConfigure                
00000b2f  TimerEnable                   
00000b8f  TimerIntClear                 
00000b6f  TimerIntEnable                
00000b0d  TimerLoadSet                  
20000470  __STACK_END                   
00000200  __STACK_SIZE                  
20000470  __STACK_TOP                   
00000e40  __TI_CINIT_Base               
00000e58  __TI_CINIT_Limit              
00000e20  __TI_Handler_Table_Base       
00000e2c  __TI_Handler_Table_Limit      
000009a5  __TI_auto_init_nobinit_nopinit
00000841  __TI_decompress_lzss          
00000b3d  __TI_decompress_none          
ffffffff  __TI_pprof_out_hndl           
ffffffff  __TI_prof_data_size           
ffffffff  __TI_prof_data_start          
00000000  __TI_static_base__            
00000aaf  __TI_zero_init_nomemset       
0000073d  __aeabi_memcpy                
0000073d  __aeabi_memcpy4               
0000073d  __aeabi_memcpy8               
ffffffff  __binit__                     
ffffffff  __c_args__                    
UNDEFED   __mpu_init                    
20000270  __stack                       
20000000  __start___llvm_prf_cnts       
20000000  __stop___llvm_prf_cnts        
00000a51  _c_int00_noargs               
UNDEFED   _system_post_cinit            
00000b93  _system_pre_init              
00000b97  abort                         
ffffffff  binit                         
20000478  color                         
20000000  g_pfnRAMVectors               
00000000  g_pfnVectors                  
0000026d  main                          
0000073d  memcpy                        
20000470  ui32Period_0                  
20000474  ui32Period_1                  


GLOBAL SYMBOLS: SORTED BY Symbol Address 

address   name                          
-------   ----                          
00000000  __TI_static_base__            
00000000  g_pfnVectors                  
00000200  __STACK_SIZE                  
0000026d  main                          
0000032f  GPIO_PORtF_Handler            
0000037b  Timer0IntHandler              
000003a9  Timer1IntHandler              
00000405  GPIOPadConfigSet              
00000539  SysCtlClockGet                
00000649  SysCtlClockSet                
0000073d  __aeabi_memcpy                
0000073d  __aeabi_memcpy4               
0000073d  __aeabi_memcpy8               
0000073d  memcpy                        
000007d9  IntEnable                     
00000841  __TI_decompress_lzss          
000008a9  TimerConfigure                
00000909  GPIOIntTypeSet                
000009a5  __TI_auto_init_nobinit_nopinit
000009e9  IntRegister                   
00000a1d  SysCtlPeripheralEnable        
00000a51  _c_int00_noargs               
00000a85  GPIODirModeSet                
00000aaf  __TI_zero_init_nomemset       
00000acb  GPIOIntRegister               
00000ae3  GPIOPinTypeGPIOOutput         
00000afb  GPIOPinTypeGPIOInput          
00000b0d  TimerLoadSet                  
00000b1f  IntMasterEnable               
00000b2f  TimerEnable                   
00000b3d  __TI_decompress_none          
00000b4b  CPUcpsie                      
00000b57  GPIOIntEnable                 
00000b63  ResetISR                      
00000b6f  TimerIntEnable                
00000b77  GPIOIntClear                  
00000b7d  GPIOPinRead                   
00000b83  GPIOPinWrite                  
00000b89  SysCtlDelay                   
00000b8f  TimerIntClear                 
00000b93  _system_pre_init              
00000b97  C$$EXIT                       
00000b97  abort                         
00000e20  __TI_Handler_Table_Base       
00000e2c  __TI_Handler_Table_Limit      
00000e40  __TI_CINIT_Base               
00000e58  __TI_CINIT_Limit              
20000000  __start___llvm_prf_cnts       
20000000  __stop___llvm_prf_cnts        
20000000  g_pfnRAMVectors               
20000270  __stack                       
20000470  __STACK_END                   
20000470  __STACK_TOP                   
20000470  ui32Period_0                  
20000474  ui32Period_1                  
20000478  color                         
ffffffff  __TI_pprof_out_hndl           
ffffffff  __TI_prof_data_size           
ffffffff  __TI_prof_data_start          
ffffffff  __binit__                     
ffffffff  __c_args__                    
ffffffff  binit                         
UNDEFED   __mpu_init                    
UNDEFED   _system_post_cinit            

[64 symbols]
