<?xml version="1.0" encoding="ISO-8859-1" ?>
<link_info>
   <banner>TI ARM Linker PC v20.2.6.LTS</banner>
   <copyright>Copyright (c) 1996-2018 Texas Instruments Incorporated</copyright>
   <link_time>0x6360caec</link_time>
   <link_errors>0x0</link_errors>
   <output_file>MPUsend.out</output_file>
   <entry_point>
      <name>_c_int00_noargs</name>
      <address>0x35e5</address>
   </entry_point>
   <input_file_list>
      <input_file id="fl-2">
         <path>.\</path>
         <kind>object</kind>
         <file>i2cm_drv.obj</file>
         <name>i2cm_drv.obj</name>
      </input_file>
      <input_file id="fl-3">
         <path>.\</path>
         <kind>object</kind>
         <file>main.obj</file>
         <name>main.obj</name>
      </input_file>
      <input_file id="fl-4">
         <path>.\</path>
         <kind>object</kind>
         <file>mpu6050.obj</file>
         <name>mpu6050.obj</name>
      </input_file>
      <input_file id="fl-5">
         <path>.\</path>
         <kind>object</kind>
         <file>tm4c123gh6pm_startup_ccs.obj</file>
         <name>tm4c123gh6pm_startup_ccs.obj</name>
      </input_file>
      <input_file id="fl-6">
         <path>.\</path>
         <kind>object</kind>
         <file>uartstdio.obj</file>
         <name>uartstdio.obj</name>
      </input_file>
      <input_file id="fl-7">
         <path>.\I2C\</path>
         <kind>object</kind>
         <file>I2C.obj</file>
         <name>I2C.obj</name>
      </input_file>
      <input_file id="fl-8">
         <path>.\TIMER\</path>
         <kind>object</kind>
         <file>TIMER.obj</file>
         <name>TIMER.obj</name>
      </input_file>
      <input_file id="fl-d">
         <kind>object</kind>
         <file>&lt;internal&gt;</file>
         <name>&lt;internal&gt;</name>
      </input_file>
      <input_file id="fl-c3">
         <path>C:\ti\ccs1200\ccs\tools\compiler\ti-cgt-arm_20.2.6.LTS\lib\</path>
         <kind>archive</kind>
         <file>rtsv7M4_T_le_v4SPD16_eabi.lib</file>
         <name>e_asin.c.obj</name>
      </input_file>
      <input_file id="fl-c4">
         <path>C:\ti\ccs1200\ccs\tools\compiler\ti-cgt-arm_20.2.6.LTS\lib\</path>
         <kind>archive</kind>
         <file>rtsv7M4_T_le_v4SPD16_eabi.lib</file>
         <name>e_sqrt.c.obj</name>
      </input_file>
      <input_file id="fl-c5">
         <path>C:\ti\ccs1200\ccs\tools\compiler\ti-cgt-arm_20.2.6.LTS\lib\</path>
         <kind>archive</kind>
         <file>rtsv7M4_T_le_v4SPD16_eabi.lib</file>
         <name>fd_add_t2.asm.obj</name>
      </input_file>
      <input_file id="fl-c6">
         <path>C:\ti\ccs1200\ccs\tools\compiler\ti-cgt-arm_20.2.6.LTS\lib\</path>
         <kind>archive</kind>
         <file>rtsv7M4_T_le_v4SPD16_eabi.lib</file>
         <name>fd_cmp_t2.asm.obj</name>
      </input_file>
      <input_file id="fl-c7">
         <path>C:\ti\ccs1200\ccs\tools\compiler\ti-cgt-arm_20.2.6.LTS\lib\</path>
         <kind>archive</kind>
         <file>rtsv7M4_T_le_v4SPD16_eabi.lib</file>
         <name>fd_div_t2.asm.obj</name>
      </input_file>
      <input_file id="fl-c8">
         <path>C:\ti\ccs1200\ccs\tools\compiler\ti-cgt-arm_20.2.6.LTS\lib\</path>
         <kind>archive</kind>
         <file>rtsv7M4_T_le_v4SPD16_eabi.lib</file>
         <name>fd_mul_t2.asm.obj</name>
      </input_file>
      <input_file id="fl-c9">
         <path>C:\ti\ccs1200\ccs\tools\compiler\ti-cgt-arm_20.2.6.LTS\lib\</path>
         <kind>archive</kind>
         <file>rtsv7M4_T_le_v4SPD16_eabi.lib</file>
         <name>fd_toi_t2.asm.obj</name>
      </input_file>
      <input_file id="fl-ca">
         <path>C:\ti\ccs1200\ccs\tools\compiler\ti-cgt-arm_20.2.6.LTS\lib\</path>
         <kind>archive</kind>
         <file>rtsv7M4_T_le_v4SPD16_eabi.lib</file>
         <name>fd_tos_t2.asm.obj</name>
      </input_file>
      <input_file id="fl-cb">
         <path>C:\ti\ccs1200\ccs\tools\compiler\ti-cgt-arm_20.2.6.LTS\lib\</path>
         <kind>archive</kind>
         <file>rtsv7M4_T_le_v4SPD16_eabi.lib</file>
         <name>fd_tou_t2.asm.obj</name>
      </input_file>
      <input_file id="fl-cc">
         <path>C:\ti\ccs1200\ccs\tools\compiler\ti-cgt-arm_20.2.6.LTS\lib\</path>
         <kind>archive</kind>
         <file>rtsv7M4_T_le_v4SPD16_eabi.lib</file>
         <name>i_tofd_t2.asm.obj</name>
      </input_file>
      <input_file id="fl-cd">
         <path>C:\ti\ccs1200\ccs\tools\compiler\ti-cgt-arm_20.2.6.LTS\lib\</path>
         <kind>archive</kind>
         <file>rtsv7M4_T_le_v4SPD16_eabi.lib</file>
         <name>u_tofd_t2.asm.obj</name>
      </input_file>
      <input_file id="fl-ce">
         <path>C:\ti\ccs1200\ccs\tools\compiler\ti-cgt-arm_20.2.6.LTS\lib\</path>
         <kind>archive</kind>
         <file>rtsv7M4_T_le_v4SPD16_eabi.lib</file>
         <name>u_divt2.asm.obj</name>
      </input_file>
      <input_file id="fl-cf">
         <path>C:\ti\ccs1200\ccs\tools\compiler\ti-cgt-arm_20.2.6.LTS\lib\</path>
         <kind>archive</kind>
         <file>rtsv7M4_T_le_v4SPD16_eabi.lib</file>
         <name>copy_zero_init.c.obj</name>
      </input_file>
      <input_file id="fl-d0">
         <path>C:\ti\ccs1200\ccs\tools\compiler\ti-cgt-arm_20.2.6.LTS\lib\</path>
         <kind>archive</kind>
         <file>rtsv7M4_T_le_v4SPD16_eabi.lib</file>
         <name>copy_decompress_none.c.obj</name>
      </input_file>
      <input_file id="fl-d1">
         <path>C:\ti\ccs1200\ccs\tools\compiler\ti-cgt-arm_20.2.6.LTS\lib\</path>
         <kind>archive</kind>
         <file>rtsv7M4_T_le_v4SPD16_eabi.lib</file>
         <name>copy_decompress_lzss.c.obj</name>
      </input_file>
      <input_file id="fl-d2">
         <path>C:\ti\ccs1200\ccs\tools\compiler\ti-cgt-arm_20.2.6.LTS\lib\</path>
         <kind>archive</kind>
         <file>rtsv7M4_T_le_v4SPD16_eabi.lib</file>
         <name>strcmp.c.obj</name>
      </input_file>
      <input_file id="fl-d3">
         <path>C:\ti\ccs1200\ccs\tools\compiler\ti-cgt-arm_20.2.6.LTS\lib\</path>
         <kind>archive</kind>
         <file>rtsv7M4_T_le_v4SPD16_eabi.lib</file>
         <name>errno.c.obj</name>
      </input_file>
      <input_file id="fl-d4">
         <path>C:\ti\ccs1200\ccs\tools\compiler\ti-cgt-arm_20.2.6.LTS\lib\</path>
         <kind>archive</kind>
         <file>rtsv7M4_T_le_v4SPD16_eabi.lib</file>
         <name>boot_cortex_m.c.obj</name>
      </input_file>
      <input_file id="fl-d5">
         <path>C:\ti\ccs1200\ccs\tools\compiler\ti-cgt-arm_20.2.6.LTS\lib\</path>
         <kind>archive</kind>
         <file>rtsv7M4_T_le_v4SPD16_eabi.lib</file>
         <name>div0.asm.obj</name>
      </input_file>
      <input_file id="fl-d6">
         <path>C:\ti\ccs1200\ccs\tools\compiler\ti-cgt-arm_20.2.6.LTS\lib\</path>
         <kind>archive</kind>
         <file>rtsv7M4_T_le_v4SPD16_eabi.lib</file>
         <name>memcpy_t2.asm.obj</name>
      </input_file>
      <input_file id="fl-d7">
         <path>C:\ti\ccs1200\ccs\tools\compiler\ti-cgt-arm_20.2.6.LTS\lib\</path>
         <kind>archive</kind>
         <file>rtsv7M4_T_le_v4SPD16_eabi.lib</file>
         <name>memset_t2.asm.obj</name>
      </input_file>
      <input_file id="fl-d8">
         <path>C:\ti\ccs1200\ccs\tools\compiler\ti-cgt-arm_20.2.6.LTS\lib\</path>
         <kind>archive</kind>
         <file>rtsv7M4_T_le_v4SPD16_eabi.lib</file>
         <name>autoinit.c.obj</name>
      </input_file>
      <input_file id="fl-d9">
         <path>C:\ti\ccs1200\ccs\tools\compiler\ti-cgt-arm_20.2.6.LTS\lib\</path>
         <kind>archive</kind>
         <file>rtsv7M4_T_le_v4SPD16_eabi.lib</file>
         <name>pre_init.c.obj</name>
      </input_file>
      <input_file id="fl-da">
         <path>C:\ti\ccs1200\ccs\tools\compiler\ti-cgt-arm_20.2.6.LTS\lib\</path>
         <kind>archive</kind>
         <file>rtsv7M4_T_le_v4SPD16_eabi.lib</file>
         <name>cpy_tbl.c.obj</name>
      </input_file>
      <input_file id="fl-db">
         <path>C:\ti\ccs1200\ccs\tools\compiler\ti-cgt-arm_20.2.6.LTS\lib\</path>
         <kind>archive</kind>
         <file>rtsv7M4_T_le_v4SPD16_eabi.lib</file>
         <name>exit.c.obj</name>
      </input_file>
      <input_file id="fl-dc">
         <path>C:\ti\ccs1200\ccs\tools\compiler\ti-cgt-arm_20.2.6.LTS\lib\</path>
         <kind>archive</kind>
         <file>rtsv7M4_T_le_v4SPD16_eabi.lib</file>
         <name>_lock.c.obj</name>
      </input_file>
      <input_file id="fl-dd">
         <path>C:\ti\ccs1200\ccs\tools\compiler\ti-cgt-arm_20.2.6.LTS\lib\</path>
         <kind>archive</kind>
         <file>rtsv7M4_T_le_v4SPD16_eabi.lib</file>
         <name>args_main.c.obj</name>
      </input_file>
      <input_file id="fl-de">
         <path>C:\ti\TivaWare_C_Series-2.2.0.295\driverlib\ccs\Debug\</path>
         <kind>archive</kind>
         <file>driverlib.lib</file>
         <name>gpio.obj</name>
      </input_file>
      <input_file id="fl-df">
         <path>C:\ti\TivaWare_C_Series-2.2.0.295\driverlib\ccs\Debug\</path>
         <kind>archive</kind>
         <file>driverlib.lib</file>
         <name>i2c.obj</name>
      </input_file>
      <input_file id="fl-e0">
         <path>C:\ti\TivaWare_C_Series-2.2.0.295\driverlib\ccs\Debug\</path>
         <kind>archive</kind>
         <file>driverlib.lib</file>
         <name>interrupt.obj</name>
      </input_file>
      <input_file id="fl-e1">
         <path>C:\ti\TivaWare_C_Series-2.2.0.295\driverlib\ccs\Debug\</path>
         <kind>archive</kind>
         <file>driverlib.lib</file>
         <name>sysctl.obj</name>
      </input_file>
      <input_file id="fl-e2">
         <path>C:\ti\TivaWare_C_Series-2.2.0.295\driverlib\ccs\Debug\</path>
         <kind>archive</kind>
         <file>driverlib.lib</file>
         <name>timer.obj</name>
      </input_file>
      <input_file id="fl-e3">
         <path>C:\ti\TivaWare_C_Series-2.2.0.295\driverlib\ccs\Debug\</path>
         <kind>archive</kind>
         <file>driverlib.lib</file>
         <name>uart.obj</name>
      </input_file>
      <input_file id="fl-e4">
         <path>C:\ti\TivaWare_C_Series-2.2.0.295\driverlib\ccs\Debug\</path>
         <kind>archive</kind>
         <file>driverlib.lib</file>
         <name>cpu.obj</name>
      </input_file>
   </input_file_list>
   <object_component_list>
      <object_component id="oc-12">
         <name>.intvecs</name>
         <load_address>0x0</load_address>
         <run_address>0x0</run_address>
         <size>0x26c</size>
         <input_file_ref idref="fl-5"/>
      </object_component>
      <object_component id="oc-9e">
         <name>.text</name>
         <load_address>0x26c</load_address>
         <run_address>0x26c</run_address>
         <size>0xbf0</size>
         <input_file_ref idref="fl-2"/>
      </object_component>
      <object_component id="oc-bd">
         <name>.text</name>
         <load_address>0xe5c</load_address>
         <run_address>0xe5c</run_address>
         <size>0x900</size>
         <input_file_ref idref="fl-4"/>
      </object_component>
      <object_component id="oc-2d">
         <name>.text</name>
         <load_address>0x175c</load_address>
         <run_address>0x175c</run_address>
         <size>0x8ac</size>
         <input_file_ref idref="fl-3"/>
      </object_component>
      <object_component id="oc-21d">
         <name>.text:asin</name>
         <load_address>0x2008</load_address>
         <run_address>0x2008</run_address>
         <size>0x3d4</size>
         <input_file_ref idref="fl-c3"/>
      </object_component>
      <object_component id="oc-203">
         <name>.text</name>
         <load_address>0x23dc</load_address>
         <run_address>0x23dc</run_address>
         <size>0x32c</size>
         <input_file_ref idref="fl-7"/>
      </object_component>
      <object_component id="oc-209">
         <name>.text</name>
         <load_address>0x2708</load_address>
         <run_address>0x2708</run_address>
         <size>0x1b6</size>
         <input_file_ref idref="fl-c5"/>
      </object_component>
      <object_component id="oc-191">
         <name>.text:GPIOPadConfigSet</name>
         <load_address>0x28c0</load_address>
         <run_address>0x28c0</run_address>
         <size>0x16c</size>
         <input_file_ref idref="fl-de"/>
      </object_component>
      <object_component id="oc-217">
         <name>.text:sqrt</name>
         <load_address>0x2a2c</load_address>
         <run_address>0x2a2c</run_address>
         <size>0x158</size>
         <input_file_ref idref="fl-c4"/>
      </object_component>
      <object_component id="oc-107">
         <name>.text</name>
         <load_address>0x2b84</load_address>
         <run_address>0x2b84</run_address>
         <size>0x136</size>
         <input_file_ref idref="fl-c7"/>
      </object_component>
      <object_component id="oc-92">
         <name>.text:SysCtlClockGet</name>
         <load_address>0x2cbc</load_address>
         <run_address>0x2cbc</run_address>
         <size>0x118</size>
         <input_file_ref idref="fl-e1"/>
      </object_component>
      <object_component id="oc-111">
         <name>.text</name>
         <load_address>0x2dd4</load_address>
         <run_address>0x2dd4</run_address>
         <size>0xfc</size>
         <input_file_ref idref="fl-c8"/>
      </object_component>
      <object_component id="oc-d2">
         <name>.text:SysCtlClockSet</name>
         <load_address>0x2ed0</load_address>
         <run_address>0x2ed0</run_address>
         <size>0xf4</size>
         <input_file_ref idref="fl-e1"/>
      </object_component>
      <object_component id="oc-41">
         <name>.text</name>
         <load_address>0x2fc4</load_address>
         <run_address>0x2fc4</run_address>
         <size>0x9c</size>
         <input_file_ref idref="fl-d6"/>
      </object_component>
      <object_component id="oc-302">
         <name>.text:__aeabi_cdrcmple</name>
         <load_address>0x3060</load_address>
         <run_address>0x3060</run_address>
         <size>0x86</size>
         <input_file_ref idref="fl-c6"/>
      </object_component>
      <object_component id="oc-c3">
         <name>.text</name>
         <load_address>0x30e6</load_address>
         <run_address>0x30e6</run_address>
         <size>0x6e</size>
         <input_file_ref idref="fl-ca"/>
      </object_component>
      <object_component id="oc-1cf">
         <name>.text:IntDisable</name>
         <load_address>0x3154</load_address>
         <run_address>0x3154</run_address>
         <size>0x68</size>
         <input_file_ref idref="fl-e0"/>
      </object_component>
      <object_component id="oc-de">
         <name>.text:IntEnable</name>
         <load_address>0x31bc</load_address>
         <run_address>0x31bc</run_address>
         <size>0x68</size>
         <input_file_ref idref="fl-e0"/>
      </object_component>
      <object_component id="oc-15">
         <name>.text:decompress:lzss:__TI_decompress_lzss</name>
         <load_address>0x3224</load_address>
         <run_address>0x3224</run_address>
         <size>0x68</size>
         <input_file_ref idref="fl-d1"/>
      </object_component>
      <object_component id="oc-1c9">
         <name>.text:IntIsEnabled</name>
         <load_address>0x328c</load_address>
         <run_address>0x328c</run_address>
         <size>0x64</size>
         <input_file_ref idref="fl-e0"/>
      </object_component>
      <object_component id="oc-ea">
         <name>.text:TimerConfigure</name>
         <load_address>0x32f0</load_address>
         <run_address>0x32f0</run_address>
         <size>0x60</size>
         <input_file_ref idref="fl-e2"/>
      </object_component>
      <object_component id="oc-7a">
         <name>.text:SysCtlPeripheralReset</name>
         <load_address>0x3350</load_address>
         <run_address>0x3350</run_address>
         <size>0x50</size>
         <input_file_ref idref="fl-e1"/>
      </object_component>
      <object_component id="oc-80">
         <name>.text:GPIOPinConfigure</name>
         <load_address>0x33a0</load_address>
         <run_address>0x33a0</run_address>
         <size>0x4c</size>
         <input_file_ref idref="fl-de"/>
      </object_component>
      <object_component id="oc-98">
         <name>.text:I2CMasterInitExpClk</name>
         <load_address>0x33ec</load_address>
         <run_address>0x33ec</run_address>
         <size>0x4c</size>
         <input_file_ref idref="fl-df"/>
      </object_component>
      <object_component id="oc-10c">
         <name>.text</name>
         <load_address>0x3438</load_address>
         <run_address>0x3438</run_address>
         <size>0x48</size>
         <input_file_ref idref="fl-c9"/>
      </object_component>
      <object_component id="oc-aa">
         <name>.text:UARTConfigSetExpClk</name>
         <load_address>0x3480</load_address>
         <run_address>0x3480</run_address>
         <size>0x46</size>
         <input_file_ref idref="fl-e3"/>
      </object_component>
      <object_component id="oc-27a">
         <name>.text:__TI_auto_init_nobinit_nopinit:__TI_auto_init_nobinit_nopinit</name>
         <load_address>0x34c8</load_address>
         <run_address>0x34c8</run_address>
         <size>0x44</size>
         <input_file_ref idref="fl-d8"/>
      </object_component>
      <object_component id="oc-1e2">
         <name>.text:I2CMRead</name>
         <load_address>0x350c</load_address>
         <run_address>0x350c</run_address>
         <size>0x36</size>
         <input_file_ref idref="fl-2"/>
      </object_component>
      <object_component id="oc-1db">
         <name>.text:I2CMWrite</name>
         <load_address>0x3542</load_address>
         <run_address>0x3542</run_address>
         <size>0x36</size>
         <input_file_ref idref="fl-2"/>
      </object_component>
      <object_component id="oc-1e9">
         <name>.text:I2CMWriteBatched</name>
         <load_address>0x3578</load_address>
         <run_address>0x3578</run_address>
         <size>0x36</size>
         <input_file_ref idref="fl-2"/>
      </object_component>
      <object_component id="oc-74">
         <name>.text:SysCtlPeripheralEnable</name>
         <load_address>0x35b0</load_address>
         <run_address>0x35b0</run_address>
         <size>0x34</size>
         <input_file_ref idref="fl-e1"/>
      </object_component>
      <object_component id="oc-5f">
         <name>.text:_c_int00_noargs:_c_int00_noargs</name>
         <load_address>0x35e4</load_address>
         <run_address>0x35e4</run_address>
         <size>0x34</size>
         <input_file_ref idref="fl-d4"/>
      </object_component>
      <object_component id="oc-102">
         <name>.text</name>
         <load_address>0x3618</load_address>
         <run_address>0x3618</run_address>
         <size>0x2e</size>
         <input_file_ref idref="fl-cc"/>
      </object_component>
      <object_component id="oc-18b">
         <name>.text:GPIODirModeSet</name>
         <load_address>0x3646</load_address>
         <run_address>0x3646</run_address>
         <size>0x2c</size>
         <input_file_ref idref="fl-de"/>
      </object_component>
      <object_component id="oc-1f3">
         <name>.text:UARTDisable</name>
         <load_address>0x3674</load_address>
         <run_address>0x3674</run_address>
         <size>0x20</size>
         <input_file_ref idref="fl-e3"/>
      </object_component>
      <object_component id="oc-4d">
         <name>.text:decompress:ZI:__TI_zero_init_nomemset:__TI_zero_init_nomemset</name>
         <load_address>0x3694</load_address>
         <run_address>0x3694</run_address>
         <size>0x1c</size>
         <input_file_ref idref="fl-cf"/>
      </object_component>
      <object_component id="oc-b0">
         <name>.text:GPIOPinTypeGPIOOutput</name>
         <load_address>0x36b0</load_address>
         <run_address>0x36b0</run_address>
         <size>0x1a</size>
         <input_file_ref idref="fl-de"/>
      </object_component>
      <object_component id="oc-2de">
         <name>.text:strcmp</name>
         <load_address>0x36ca</load_address>
         <run_address>0x36ca</run_address>
         <size>0x18</size>
         <input_file_ref idref="fl-d2"/>
      </object_component>
      <object_component id="oc-8c">
         <name>.text:GPIOPinTypeI2C</name>
         <load_address>0x36e2</load_address>
         <run_address>0x36e2</run_address>
         <size>0x16</size>
         <input_file_ref idref="fl-de"/>
      </object_component>
      <object_component id="oc-86">
         <name>.text:GPIOPinTypeI2CSCL</name>
         <load_address>0x36f8</load_address>
         <run_address>0x36f8</run_address>
         <size>0x16</size>
         <input_file_ref idref="fl-de"/>
      </object_component>
      <object_component id="oc-a4">
         <name>.text:GPIOPinTypeUART</name>
         <load_address>0x370e</load_address>
         <run_address>0x370e</run_address>
         <size>0x16</size>
         <input_file_ref idref="fl-de"/>
      </object_component>
      <object_component id="oc-1f9">
         <name>.text:UARTEnable</name>
         <load_address>0x3724</load_address>
         <run_address>0x3724</run_address>
         <size>0x14</size>
         <input_file_ref idref="fl-e3"/>
      </object_component>
      <object_component id="oc-f0">
         <name>.text:TimerLoadSet</name>
         <load_address>0x3738</load_address>
         <run_address>0x3738</run_address>
         <size>0x12</size>
         <input_file_ref idref="fl-e2"/>
      </object_component>
      <object_component id="oc-d8">
         <name>.text:IntMasterEnable</name>
         <load_address>0x374a</load_address>
         <run_address>0x374a</run_address>
         <size>0x10</size>
         <input_file_ref idref="fl-e0"/>
      </object_component>
      <object_component id="oc-fc">
         <name>.text:TimerEnable</name>
         <load_address>0x375a</load_address>
         <run_address>0x375a</run_address>
         <size>0xe</size>
         <input_file_ref idref="fl-e2"/>
      </object_component>
      <object_component id="oc-12e">
         <name>.text:UARTCharsAvail</name>
         <load_address>0x3768</load_address>
         <run_address>0x3768</run_address>
         <size>0xe</size>
         <input_file_ref idref="fl-e3"/>
      </object_component>
      <object_component id="oc-1b">
         <name>.text:decompress:none:__TI_decompress_none</name>
         <load_address>0x3776</load_address>
         <run_address>0x3776</run_address>
         <size>0xe</size>
         <input_file_ref idref="fl-d0"/>
      </object_component>
      <object_component id="oc-23d">
         <name>.text:CPUcpsie</name>
         <load_address>0x3784</load_address>
         <run_address>0x3784</run_address>
         <size>0xc</size>
         <input_file_ref idref="fl-e4"/>
      </object_component>
      <object_component id="oc-1d5">
         <name>.text:IntTrigger</name>
         <load_address>0x3790</load_address>
         <run_address>0x3790</run_address>
         <size>0xc</size>
         <input_file_ref idref="fl-e0"/>
      </object_component>
      <object_component id="oc-27">
         <name>.text</name>
         <load_address>0x379c</load_address>
         <run_address>0x379c</run_address>
         <size>0xc</size>
         <input_file_ref idref="fl-5"/>
      </object_component>
      <object_component id="oc-19d">
         <name>.text:I2CMasterEnable</name>
         <load_address>0x37a8</load_address>
         <run_address>0x37a8</run_address>
         <size>0xa</size>
         <input_file_ref idref="fl-df"/>
      </object_component>
      <object_component id="oc-122">
         <name>.text:UARTCharGet</name>
         <load_address>0x37b2</load_address>
         <run_address>0x37b2</run_address>
         <size>0xa</size>
         <input_file_ref idref="fl-e3"/>
      </object_component>
      <object_component id="oc-128">
         <name>.text:UARTCharPut</name>
         <load_address>0x37bc</load_address>
         <run_address>0x37bc</run_address>
         <size>0xa</size>
         <input_file_ref idref="fl-e3"/>
      </object_component>
      <object_component id="oc-116">
         <name>.text:UARTIntStatus</name>
         <load_address>0x37c6</load_address>
         <run_address>0x37c6</run_address>
         <size>0xa</size>
         <input_file_ref idref="fl-e3"/>
      </object_component>
      <object_component id="oc-2e4">
         <name>.text:I2CMasterBusy</name>
         <load_address>0x37d0</load_address>
         <run_address>0x37d0</run_address>
         <size>0x8</size>
         <input_file_ref idref="fl-df"/>
      </object_component>
      <object_component id="oc-1bd">
         <name>.text:I2CMasterIntClear</name>
         <load_address>0x37d8</load_address>
         <run_address>0x37d8</run_address>
         <size>0x8</size>
         <input_file_ref idref="fl-df"/>
      </object_component>
      <object_component id="oc-1c3">
         <name>.text:I2CMasterIntEnableEx</name>
         <load_address>0x37e0</load_address>
         <run_address>0x37e0</run_address>
         <size>0x8</size>
         <input_file_ref idref="fl-df"/>
      </object_component>
      <object_component id="oc-1a5">
         <name>.text:I2CMasterSlaveAddrSet</name>
         <load_address>0x37e8</load_address>
         <run_address>0x37e8</run_address>
         <size>0x8</size>
         <input_file_ref idref="fl-df"/>
      </object_component>
      <object_component id="oc-f6">
         <name>.text:TimerIntEnable</name>
         <load_address>0x37f0</load_address>
         <run_address>0x37f0</run_address>
         <size>0x8</size>
         <input_file_ref idref="fl-e2"/>
      </object_component>
      <object_component id="oc-e4">
         <name>.text:UARTIntEnable</name>
         <load_address>0x37f8</load_address>
         <run_address>0x37f8</run_address>
         <size>0x8</size>
         <input_file_ref idref="fl-e3"/>
      </object_component>
      <object_component id="oc-2f5">
         <name>.text:__aeabi_errno_addr</name>
         <load_address>0x3800</load_address>
         <run_address>0x3800</run_address>
         <size>0x8</size>
         <input_file_ref idref="fl-d3"/>
      </object_component>
      <object_component id="oc-b6">
         <name>.text:GPIOPinWrite</name>
         <load_address>0x3808</load_address>
         <run_address>0x3808</run_address>
         <size>0x6</size>
         <input_file_ref idref="fl-de"/>
      </object_component>
      <object_component id="oc-bc">
         <name>.text:SysCtlDelay</name>
         <load_address>0x380e</load_address>
         <run_address>0x380e</run_address>
         <size>0x6</size>
         <input_file_ref idref="fl-e1"/>
      </object_component>
      <object_component id="oc-1b1">
         <name>.text:I2CMasterControl</name>
         <load_address>0x3814</load_address>
         <run_address>0x3814</run_address>
         <size>0x4</size>
         <input_file_ref idref="fl-df"/>
      </object_component>
      <object_component id="oc-1b7">
         <name>.text:I2CMasterDataGet</name>
         <load_address>0x3818</load_address>
         <run_address>0x3818</run_address>
         <size>0x4</size>
         <input_file_ref idref="fl-df"/>
      </object_component>
      <object_component id="oc-1ab">
         <name>.text:I2CMasterDataPut</name>
         <load_address>0x381c</load_address>
         <run_address>0x381c</run_address>
         <size>0x4</size>
         <input_file_ref idref="fl-df"/>
      </object_component>
      <object_component id="oc-134">
         <name>.text:TimerIntClear</name>
         <load_address>0x3820</load_address>
         <run_address>0x3820</run_address>
         <size>0x4</size>
         <input_file_ref idref="fl-e2"/>
      </object_component>
      <object_component id="oc-11c">
         <name>.text:UARTIntClear</name>
         <load_address>0x3824</load_address>
         <run_address>0x3824</run_address>
         <size>0x4</size>
         <input_file_ref idref="fl-e3"/>
      </object_component>
      <object_component id="oc-16c">
         <name>.text:_system_pre_init</name>
         <load_address>0x3828</load_address>
         <run_address>0x3828</run_address>
         <size>0x4</size>
         <input_file_ref idref="fl-d9"/>
      </object_component>
      <object_component id="oc-26e">
         <name>.text:abort:abort</name>
         <load_address>0x382c</load_address>
         <run_address>0x382c</run_address>
         <size>0x4</size>
         <input_file_ref idref="fl-db"/>
      </object_component>
      <object_component id="oc-186">
         <name>.const:g_pui32GPIOBaseAddrs</name>
         <load_address>0x3830</load_address>
         <run_address>0x3830</run_address>
         <size>0x90</size>
         <input_file_ref idref="fl-de"/>
      </object_component>
      <object_component id="oc-199">
         <name>.const:g_pui32Xtals</name>
         <load_address>0x38c0</load_address>
         <run_address>0x38c0</run_address>
         <size>0x6c</size>
         <input_file_ref idref="fl-e1"/>
      </object_component>
      <object_component id="oc-2d3">
         <name>.const:g_pui32Dii16Regs</name>
         <load_address>0x392c</load_address>
         <run_address>0x392c</run_address>
         <size>0x14</size>
         <input_file_ref idref="fl-e0"/>
      </object_component>
      <object_component id="oc-244">
         <name>.const:g_pui32EnRegs</name>
         <load_address>0x3940</load_address>
         <run_address>0x3940</run_address>
         <size>0x14</size>
         <input_file_ref idref="fl-e0"/>
      </object_component>
      <object_component id="oc-cf">
         <name>.const</name>
         <load_address>0x3954</load_address>
         <run_address>0x3954</run_address>
         <size>0x8</size>
         <input_file_ref idref="fl-3"/>
      </object_component>
      <object_component id="oc-3ad">
         <name>.cinit..data.load</name>
         <load_address>0x3960</load_address>
         <run_address>0x3960</run_address>
         <size>0x2f</size>
      </object_component>
      <object_component id="oc-3ab">
         <name>__TI_handler_table</name>
         <load_address>0x3990</load_address>
         <run_address>0x3990</run_address>
         <size>0xc</size>
      </object_component>
      <object_component id="oc-3ae">
         <name>.cinit..bss.load</name>
         <load_address>0x39a0</load_address>
         <run_address>0x39a0</run_address>
         <size>0x8</size>
      </object_component>
      <object_component id="oc-3ac">
         <name>__TI_cinit_table</name>
         <load_address>0x39a8</load_address>
         <run_address>0x39a8</run_address>
         <size>0x10</size>
      </object_component>
      <object_component id="oc-cc">
         <name>.data</name>
         <load_address>0x20000380</load_address>
         <run_address>0x20000380</run_address>
         <size>0x28</size>
         <input_file_ref idref="fl-3"/>
      </object_component>
      <object_component id="oc-2ea">
         <name>.data</name>
         <load_address>0x200003a8</load_address>
         <run_address>0x200003a8</run_address>
         <size>0x20</size>
         <input_file_ref idref="fl-7"/>
      </object_component>
      <object_component id="oc-33d">
         <name>.data</name>
         <load_address>0x200003c8</load_address>
         <run_address>0x200003c8</run_address>
         <size>0x4</size>
         <input_file_ref idref="fl-d3"/>
      </object_component>
      <object_component id="oc-211">
         <name>.bss:MPU6050_Buf_14_uint8</name>
         <uninitialized>true</uninitialized>
         <run_address>0x20000358</run_address>
         <size>0x10</size>
         <input_file_ref idref="fl-4"/>
      </object_component>
      <object_component id="oc-214">
         <name>.bss:MPU6050_Buf_7_int16</name>
         <uninitialized>true</uninitialized>
         <run_address>0x20000368</run_address>
         <size>0x10</size>
         <input_file_ref idref="fl-4"/>
      </object_component>
      <object_component id="oc-20e">
         <name>.bss</name>
         <uninitialized>true</uninitialized>
         <run_address>0x20000328</run_address>
         <size>0x30</size>
         <input_file_ref idref="fl-4"/>
      </object_component>
      <object_component id="oc-223">
         <name>.common:loop_time</name>
         <uninitialized>true</uninitialized>
         <run_address>0x20000378</run_address>
         <size>0x8</size>
      </object_component>
      <object_component id="oc-cb">
         <name>.common:g_bMPU6050Done</name>
         <uninitialized>true</uninitialized>
         <run_address>0x20000324</run_address>
         <size>0x1</size>
      </object_component>
      <object_component id="oc-c8">
         <name>.common:g_sI2CMSimpleInst</name>
         <uninitialized>true</uninitialized>
         <run_address>0x20000200</run_address>
         <size>0x124</size>
      </object_component>
      <object_component id="oc-24">
         <name>.stack</name>
         <uninitialized>true</uninitialized>
         <run_address>0x20000000</run_address>
         <size>0x4</size>
         <input_file_ref idref="fl-d4"/>
      </object_component>
      <object_component id="oc-3b0">
         <name>.stack</name>
         <uninitialized>true</uninitialized>
         <run_address>0x20000000</run_address>
         <size>0x0</size>
      </object_component>
      <object_component id="oc-1f1">
         <name>.debug_info</name>
         <load_address>0x0</load_address>
         <run_address>0x0</run_address>
         <size>0x59c</size>
         <input_file_ref idref="fl-2"/>
      </object_component>
      <object_component id="oc-1dd">
         <name>.debug_info</name>
         <load_address>0x59c</load_address>
         <run_address>0x59c</run_address>
         <size>0x2e8</size>
         <input_file_ref idref="fl-2"/>
      </object_component>
      <object_component id="oc-1e4">
         <name>.debug_info</name>
         <load_address>0x884</load_address>
         <run_address>0x884</run_address>
         <size>0x354</size>
         <input_file_ref idref="fl-2"/>
      </object_component>
      <object_component id="oc-1eb">
         <name>.debug_info</name>
         <load_address>0xbd8</load_address>
         <run_address>0xbd8</run_address>
         <size>0x31a</size>
         <input_file_ref idref="fl-2"/>
      </object_component>
      <object_component id="oc-a2">
         <name>.debug_info</name>
         <load_address>0xef2</load_address>
         <run_address>0xef2</run_address>
         <size>0x21de</size>
         <input_file_ref idref="fl-2"/>
      </object_component>
      <object_component id="oc-22e">
         <name>.debug_info</name>
         <load_address>0x30d0</load_address>
         <run_address>0x30d0</run_address>
         <size>0x4e6</size>
         <input_file_ref idref="fl-2"/>
      </object_component>
      <object_component id="oc-14c">
         <name>.debug_info</name>
         <load_address>0x35b6</load_address>
         <run_address>0x35b6</run_address>
         <size>0x26b</size>
         <input_file_ref idref="fl-2"/>
      </object_component>
      <object_component id="oc-13b">
         <name>.debug_info</name>
         <load_address>0x3821</load_address>
         <run_address>0x3821</run_address>
         <size>0x8b</size>
         <input_file_ref idref="fl-2"/>
      </object_component>
      <object_component id="oc-259">
         <name>.debug_info</name>
         <load_address>0x38ac</load_address>
         <run_address>0x38ac</run_address>
         <size>0x2a4</size>
         <input_file_ref idref="fl-2"/>
      </object_component>
      <object_component id="oc-140">
         <name>.debug_info</name>
         <load_address>0x3b50</load_address>
         <run_address>0x3b50</run_address>
         <size>0xef</size>
         <input_file_ref idref="fl-2"/>
      </object_component>
      <object_component id="oc-145">
         <name>.debug_info</name>
         <load_address>0x3c3f</load_address>
         <run_address>0x3c3f</run_address>
         <size>0xbb</size>
         <input_file_ref idref="fl-2"/>
      </object_component>
      <object_component id="oc-c9">
         <name>.debug_info</name>
         <load_address>0x3cfa</load_address>
         <run_address>0x3cfa</run_address>
         <size>0xb8a</size>
         <input_file_ref idref="fl-3"/>
      </object_component>
      <object_component id="oc-cd">
         <name>.debug_info</name>
         <load_address>0x4884</load_address>
         <run_address>0x4884</run_address>
         <size>0x2b3</size>
         <input_file_ref idref="fl-3"/>
      </object_component>
      <object_component id="oc-d0">
         <name>.debug_info</name>
         <load_address>0x4b37</load_address>
         <run_address>0x4b37</run_address>
         <size>0x146</size>
         <input_file_ref idref="fl-3"/>
      </object_component>
      <object_component id="oc-2e">
         <name>.debug_info</name>
         <load_address>0x4c7d</load_address>
         <run_address>0x4c7d</run_address>
         <size>0x1148</size>
         <input_file_ref idref="fl-3"/>
      </object_component>
      <object_component id="oc-233">
         <name>.debug_info</name>
         <load_address>0x5dc5</load_address>
         <run_address>0x5dc5</run_address>
         <size>0x35</size>
         <input_file_ref idref="fl-3"/>
      </object_component>
      <object_component id="oc-224">
         <name>.debug_info</name>
         <load_address>0x5dfa</load_address>
         <run_address>0x5dfa</run_address>
         <size>0x429</size>
         <input_file_ref idref="fl-4"/>
      </object_component>
      <object_component id="oc-212">
         <name>.debug_info</name>
         <load_address>0x6223</load_address>
         <run_address>0x6223</run_address>
         <size>0x155</size>
         <input_file_ref idref="fl-4"/>
      </object_component>
      <object_component id="oc-215">
         <name>.debug_info</name>
         <load_address>0x6378</load_address>
         <run_address>0x6378</run_address>
         <size>0x153</size>
         <input_file_ref idref="fl-4"/>
      </object_component>
      <object_component id="oc-20f">
         <name>.debug_info</name>
         <load_address>0x64cb</load_address>
         <run_address>0x64cb</run_address>
         <size>0x285</size>
         <input_file_ref idref="fl-4"/>
      </object_component>
      <object_component id="oc-be">
         <name>.debug_info</name>
         <load_address>0x6750</load_address>
         <run_address>0x6750</run_address>
         <size>0x14c2</size>
         <input_file_ref idref="fl-4"/>
      </object_component>
      <object_component id="oc-265">
         <name>.debug_info</name>
         <load_address>0x7c12</load_address>
         <run_address>0x7c12</run_address>
         <size>0x2c</size>
         <input_file_ref idref="fl-4"/>
      </object_component>
      <object_component id="oc-35">
         <name>.debug_info</name>
         <load_address>0x7c3e</load_address>
         <run_address>0x7c3e</run_address>
         <size>0x370</size>
         <input_file_ref idref="fl-5"/>
      </object_component>
      <object_component id="oc-13">
         <name>.debug_info</name>
         <load_address>0x7fae</load_address>
         <run_address>0x7fae</run_address>
         <size>0x157</size>
         <input_file_ref idref="fl-5"/>
      </object_component>
      <object_component id="oc-2a">
         <name>.debug_info</name>
         <load_address>0x8105</load_address>
         <run_address>0x8105</run_address>
         <size>0x2d3</size>
         <input_file_ref idref="fl-5"/>
      </object_component>
      <object_component id="oc-3c">
         <name>.debug_info</name>
         <load_address>0x83d8</load_address>
         <run_address>0x83d8</run_address>
         <size>0x84</size>
         <input_file_ref idref="fl-5"/>
      </object_component>
      <object_component id="oc-226">
         <name>.debug_info</name>
         <load_address>0x845c</load_address>
         <run_address>0x845c</run_address>
         <size>0x5e1</size>
         <input_file_ref idref="fl-7"/>
      </object_component>
      <object_component id="oc-2eb">
         <name>.debug_info</name>
         <load_address>0x8a3d</load_address>
         <run_address>0x8a3d</run_address>
         <size>0x265</size>
         <input_file_ref idref="fl-7"/>
      </object_component>
      <object_component id="oc-205">
         <name>.debug_info</name>
         <load_address>0x8ca2</load_address>
         <run_address>0x8ca2</run_address>
         <size>0x72e</size>
         <input_file_ref idref="fl-7"/>
      </object_component>
      <object_component id="oc-228">
         <name>.debug_info</name>
         <load_address>0x93d0</load_address>
         <run_address>0x93d0</run_address>
         <size>0x539</size>
         <input_file_ref idref="fl-8"/>
      </object_component>
      <object_component id="oc-308">
         <name>.debug_info</name>
         <load_address>0x9909</load_address>
         <run_address>0x9909</run_address>
         <size>0x2e4</size>
         <input_file_ref idref="fl-c3"/>
      </object_component>
      <object_component id="oc-21f">
         <name>.debug_info</name>
         <load_address>0x9bed</load_address>
         <run_address>0x9bed</run_address>
         <size>0x6a4</size>
         <input_file_ref idref="fl-c3"/>
      </object_component>
      <object_component id="oc-342">
         <name>.debug_info</name>
         <load_address>0xa291</load_address>
         <run_address>0xa291</run_address>
         <size>0x46</size>
         <input_file_ref idref="fl-c3"/>
      </object_component>
      <object_component id="oc-2fc">
         <name>.debug_info</name>
         <load_address>0xa2d7</load_address>
         <run_address>0xa2d7</run_address>
         <size>0x39</size>
         <input_file_ref idref="fl-c3"/>
      </object_component>
      <object_component id="oc-301">
         <name>.debug_info</name>
         <load_address>0xa310</load_address>
         <run_address>0xa310</run_address>
         <size>0x2c5</size>
         <input_file_ref idref="fl-c4"/>
      </object_component>
      <object_component id="oc-21b">
         <name>.debug_info</name>
         <load_address>0xa5d5</load_address>
         <run_address>0xa5d5</run_address>
         <size>0x24e</size>
         <input_file_ref idref="fl-c4"/>
      </object_component>
      <object_component id="oc-20a">
         <name>.debug_info</name>
         <load_address>0xa823</load_address>
         <run_address>0xa823</run_address>
         <size>0x14c</size>
         <input_file_ref idref="fl-c5"/>
      </object_component>
      <object_component id="oc-304">
         <name>.debug_info</name>
         <load_address>0xa96f</load_address>
         <run_address>0xa96f</run_address>
         <size>0x12a</size>
         <input_file_ref idref="fl-c6"/>
      </object_component>
      <object_component id="oc-108">
         <name>.debug_info</name>
         <load_address>0xaa99</load_address>
         <run_address>0xaa99</run_address>
         <size>0x13a</size>
         <input_file_ref idref="fl-c7"/>
      </object_component>
      <object_component id="oc-114">
         <name>.debug_info</name>
         <load_address>0xabd3</load_address>
         <run_address>0xabd3</run_address>
         <size>0x13a</size>
         <input_file_ref idref="fl-c8"/>
      </object_component>
      <object_component id="oc-10d">
         <name>.debug_info</name>
         <load_address>0xad0d</load_address>
         <run_address>0xad0d</run_address>
         <size>0x12e</size>
         <input_file_ref idref="fl-c9"/>
      </object_component>
      <object_component id="oc-c5">
         <name>.debug_info</name>
         <load_address>0xae3b</load_address>
         <run_address>0xae3b</run_address>
         <size>0x13e</size>
         <input_file_ref idref="fl-ca"/>
      </object_component>
      <object_component id="oc-104">
         <name>.debug_info</name>
         <load_address>0xaf79</load_address>
         <run_address>0xaf79</run_address>
         <size>0x12c</size>
         <input_file_ref idref="fl-cc"/>
      </object_component>
      <object_component id="oc-165">
         <name>.debug_info</name>
         <load_address>0xb0a5</load_address>
         <run_address>0xb0a5</run_address>
         <size>0x2d4</size>
         <input_file_ref idref="fl-cf"/>
      </object_component>
      <object_component id="oc-50">
         <name>.debug_info</name>
         <load_address>0xb379</load_address>
         <run_address>0xb379</run_address>
         <size>0x1d2</size>
         <input_file_ref idref="fl-cf"/>
      </object_component>
      <object_component id="oc-160">
         <name>.debug_info</name>
         <load_address>0xb54b</load_address>
         <run_address>0xb54b</run_address>
         <size>0x46</size>
         <input_file_ref idref="fl-cf"/>
      </object_component>
      <object_component id="oc-4c">
         <name>.debug_info</name>
         <load_address>0xb591</load_address>
         <run_address>0xb591</run_address>
         <size>0x2a8</size>
         <input_file_ref idref="fl-d0"/>
      </object_component>
      <object_component id="oc-1c">
         <name>.debug_info</name>
         <load_address>0xb839</load_address>
         <run_address>0xb839</run_address>
         <size>0x1ea</size>
         <input_file_ref idref="fl-d0"/>
      </object_component>
      <object_component id="oc-47">
         <name>.debug_info</name>
         <load_address>0xba23</load_address>
         <run_address>0xba23</run_address>
         <size>0x46</size>
         <input_file_ref idref="fl-d0"/>
      </object_component>
      <object_component id="oc-158">
         <name>.debug_info</name>
         <load_address>0xba69</load_address>
         <run_address>0xba69</run_address>
         <size>0x2c</size>
         <input_file_ref idref="fl-d0"/>
      </object_component>
      <object_component id="oc-156">
         <name>.debug_info</name>
         <load_address>0xba95</load_address>
         <run_address>0xba95</run_address>
         <size>0x29e</size>
         <input_file_ref idref="fl-d1"/>
      </object_component>
      <object_component id="oc-16">
         <name>.debug_info</name>
         <load_address>0xbd33</load_address>
         <run_address>0xbd33</run_address>
         <size>0x250</size>
         <input_file_ref idref="fl-d1"/>
      </object_component>
      <object_component id="oc-37">
         <name>.debug_info</name>
         <load_address>0xbf83</load_address>
         <run_address>0xbf83</run_address>
         <size>0x60</size>
         <input_file_ref idref="fl-d1"/>
      </object_component>
      <object_component id="oc-25e">
         <name>.debug_info</name>
         <load_address>0xbfe3</load_address>
         <run_address>0xbfe3</run_address>
         <size>0x46</size>
         <input_file_ref idref="fl-d1"/>
      </object_component>
      <object_component id="oc-151">
         <name>.debug_info</name>
         <load_address>0xc029</load_address>
         <run_address>0xc029</run_address>
         <size>0x39</size>
         <input_file_ref idref="fl-d1"/>
      </object_component>
      <object_component id="oc-339">
         <name>.debug_info</name>
         <load_address>0xc062</load_address>
         <run_address>0xc062</run_address>
         <size>0x28a</size>
         <input_file_ref idref="fl-d2"/>
      </object_component>
      <object_component id="oc-2e0">
         <name>.debug_info</name>
         <load_address>0xc2ec</load_address>
         <run_address>0xc2ec</run_address>
         <size>0x273</size>
         <input_file_ref idref="fl-d2"/>
      </object_component>
      <object_component id="oc-341">
         <name>.debug_info</name>
         <load_address>0xc55f</load_address>
         <run_address>0xc55f</run_address>
         <size>0x289</size>
         <input_file_ref idref="fl-d3"/>
      </object_component>
      <object_component id="oc-33e">
         <name>.debug_info</name>
         <load_address>0xc7e8</load_address>
         <run_address>0xc7e8</run_address>
         <size>0x10e</size>
         <input_file_ref idref="fl-d3"/>
      </object_component>
      <object_component id="oc-2f8">
         <name>.debug_info</name>
         <load_address>0xc8f6</load_address>
         <run_address>0xc8f6</run_address>
         <size>0x14e</size>
         <input_file_ref idref="fl-d3"/>
      </object_component>
      <object_component id="oc-25">
         <name>.debug_info</name>
         <load_address>0xca44</load_address>
         <run_address>0xca44</run_address>
         <size>0x10b</size>
         <input_file_ref idref="fl-d4"/>
      </object_component>
      <object_component id="oc-61">
         <name>.debug_info</name>
         <load_address>0xcb4f</load_address>
         <run_address>0xcb4f</run_address>
         <size>0x1a9</size>
         <input_file_ref idref="fl-d4"/>
      </object_component>
      <object_component id="oc-42">
         <name>.debug_info</name>
         <load_address>0xccf8</load_address>
         <run_address>0xccf8</run_address>
         <size>0x119</size>
         <input_file_ref idref="fl-d6"/>
      </object_component>
      <object_component id="oc-321">
         <name>.debug_info</name>
         <load_address>0xce11</load_address>
         <run_address>0xce11</run_address>
         <size>0x4b3</size>
         <input_file_ref idref="fl-d8"/>
      </object_component>
      <object_component id="oc-27b">
         <name>.debug_info</name>
         <load_address>0xd2c4</load_address>
         <run_address>0xd2c4</run_address>
         <size>0x1a6</size>
         <input_file_ref idref="fl-d8"/>
      </object_component>
      <object_component id="oc-35c">
         <name>.debug_info</name>
         <load_address>0xd46a</load_address>
         <run_address>0xd46a</run_address>
         <size>0x39</size>
         <input_file_ref idref="fl-d8"/>
      </object_component>
      <object_component id="oc-376">
         <name>.debug_info</name>
         <load_address>0xd4a3</load_address>
         <run_address>0xd4a3</run_address>
         <size>0x39</size>
         <input_file_ref idref="fl-d8"/>
      </object_component>
      <object_component id="oc-361">
         <name>.debug_info</name>
         <load_address>0xd4dc</load_address>
         <run_address>0xd4dc</run_address>
         <size>0x39</size>
         <input_file_ref idref="fl-d8"/>
      </object_component>
      <object_component id="oc-366">
         <name>.debug_info</name>
         <load_address>0xd515</load_address>
         <run_address>0xd515</run_address>
         <size>0xcd</size>
         <input_file_ref idref="fl-d8"/>
      </object_component>
      <object_component id="oc-16e">
         <name>.debug_info</name>
         <load_address>0xd5e2</load_address>
         <run_address>0xd5e2</run_address>
         <size>0x153</size>
         <input_file_ref idref="fl-d9"/>
      </object_component>
      <object_component id="oc-270">
         <name>.debug_info</name>
         <load_address>0xd735</load_address>
         <run_address>0xd735</run_address>
         <size>0x122</size>
         <input_file_ref idref="fl-db"/>
      </object_component>
      <object_component id="oc-18a">
         <name>.debug_info</name>
         <load_address>0xd857</load_address>
         <run_address>0xd857</run_address>
         <size>0x3e4</size>
         <input_file_ref idref="fl-de"/>
      </object_component>
      <object_component id="oc-187">
         <name>.debug_info</name>
         <load_address>0xdc3b</load_address>
         <run_address>0xdc3b</run_address>
         <size>0x164</size>
         <input_file_ref idref="fl-de"/>
      </object_component>
      <object_component id="oc-b8">
         <name>.debug_info</name>
         <load_address>0xdd9f</load_address>
         <run_address>0xdd9f</run_address>
         <size>0x2ac</size>
         <input_file_ref idref="fl-de"/>
      </object_component>
      <object_component id="oc-18d">
         <name>.debug_info</name>
         <load_address>0xe04b</load_address>
         <run_address>0xe04b</run_address>
         <size>0x2bc</size>
         <input_file_ref idref="fl-de"/>
      </object_component>
      <object_component id="oc-193">
         <name>.debug_info</name>
         <load_address>0xe307</load_address>
         <run_address>0xe307</run_address>
         <size>0x31f</size>
         <input_file_ref idref="fl-de"/>
      </object_component>
      <object_component id="oc-a6">
         <name>.debug_info</name>
         <load_address>0xe626</load_address>
         <run_address>0xe626</run_address>
         <size>0x29b</size>
         <input_file_ref idref="fl-de"/>
      </object_component>
      <object_component id="oc-88">
         <name>.debug_info</name>
         <load_address>0xe8c1</load_address>
         <run_address>0xe8c1</run_address>
         <size>0x29f</size>
         <input_file_ref idref="fl-de"/>
      </object_component>
      <object_component id="oc-8e">
         <name>.debug_info</name>
         <load_address>0xeb60</load_address>
         <run_address>0xeb60</run_address>
         <size>0x299</size>
         <input_file_ref idref="fl-de"/>
      </object_component>
      <object_component id="oc-b2">
         <name>.debug_info</name>
         <load_address>0xedf9</load_address>
         <run_address>0xedf9</run_address>
         <size>0x2c0</size>
         <input_file_ref idref="fl-de"/>
      </object_component>
      <object_component id="oc-82">
         <name>.debug_info</name>
         <load_address>0xf0b9</load_address>
         <run_address>0xf0b9</run_address>
         <size>0x289</size>
         <input_file_ref idref="fl-de"/>
      </object_component>
      <object_component id="oc-2bc">
         <name>.debug_info</name>
         <load_address>0xf342</load_address>
         <run_address>0xf342</run_address>
         <size>0x26b</size>
         <input_file_ref idref="fl-de"/>
      </object_component>
      <object_component id="oc-2ac">
         <name>.debug_info</name>
         <load_address>0xf5ad</load_address>
         <run_address>0xf5ad</run_address>
         <size>0x297</size>
         <input_file_ref idref="fl-de"/>
      </object_component>
      <object_component id="oc-2b7">
         <name>.debug_info</name>
         <load_address>0xf844</load_address>
         <run_address>0xf844</run_address>
         <size>0xef</size>
         <input_file_ref idref="fl-de"/>
      </object_component>
      <object_component id="oc-17f">
         <name>.debug_info</name>
         <load_address>0xf933</load_address>
         <run_address>0xf933</run_address>
         <size>0xbb</size>
         <input_file_ref idref="fl-de"/>
      </object_component>
      <object_component id="oc-1a4">
         <name>.debug_info</name>
         <load_address>0xf9ee</load_address>
         <run_address>0xf9ee</run_address>
         <size>0x3d5</size>
         <input_file_ref idref="fl-df"/>
      </object_component>
      <object_component id="oc-1a6">
         <name>.debug_info</name>
         <load_address>0xfdc3</load_address>
         <run_address>0xfdc3</run_address>
         <size>0x2d7</size>
         <input_file_ref idref="fl-df"/>
      </object_component>
      <object_component id="oc-1c4">
         <name>.debug_info</name>
         <load_address>0x1009a</load_address>
         <run_address>0x1009a</run_address>
         <size>0x2a3</size>
         <input_file_ref idref="fl-df"/>
      </object_component>
      <object_component id="oc-1be">
         <name>.debug_info</name>
         <load_address>0x1033d</load_address>
         <run_address>0x1033d</run_address>
         <size>0x25b</size>
         <input_file_ref idref="fl-df"/>
      </object_component>
      <object_component id="oc-19e">
         <name>.debug_info</name>
         <load_address>0x10598</load_address>
         <run_address>0x10598</run_address>
         <size>0x257</size>
         <input_file_ref idref="fl-df"/>
      </object_component>
      <object_component id="oc-99">
         <name>.debug_info</name>
         <load_address>0x107ef</load_address>
         <run_address>0x107ef</run_address>
         <size>0x2f1</size>
         <input_file_ref idref="fl-df"/>
      </object_component>
      <object_component id="oc-1ac">
         <name>.debug_info</name>
         <load_address>0x10ae0</load_address>
         <run_address>0x10ae0</run_address>
         <size>0x287</size>
         <input_file_ref idref="fl-df"/>
      </object_component>
      <object_component id="oc-1b8">
         <name>.debug_info</name>
         <load_address>0x10d67</load_address>
         <run_address>0x10d67</run_address>
         <size>0x25d</size>
         <input_file_ref idref="fl-df"/>
      </object_component>
      <object_component id="oc-1b2">
         <name>.debug_info</name>
         <load_address>0x10fc4</load_address>
         <run_address>0x10fc4</run_address>
         <size>0x287</size>
         <input_file_ref idref="fl-df"/>
      </object_component>
      <object_component id="oc-2e5">
         <name>.debug_info</name>
         <load_address>0x1124b</load_address>
         <run_address>0x1124b</run_address>
         <size>0x257</size>
         <input_file_ref idref="fl-df"/>
      </object_component>
      <object_component id="oc-248">
         <name>.debug_info</name>
         <load_address>0x114a2</load_address>
         <run_address>0x114a2</run_address>
         <size>0x3b7</size>
         <input_file_ref idref="fl-e0"/>
      </object_component>
      <object_component id="oc-245">
         <name>.debug_info</name>
         <load_address>0x11859</load_address>
         <run_address>0x11859</run_address>
         <size>0x15b</size>
         <input_file_ref idref="fl-e0"/>
      </object_component>
      <object_component id="oc-2d4">
         <name>.debug_info</name>
         <load_address>0x119b4</load_address>
         <run_address>0x119b4</run_address>
         <size>0x161</size>
         <input_file_ref idref="fl-e0"/>
      </object_component>
      <object_component id="oc-1d6">
         <name>.debug_info</name>
         <load_address>0x11b15</load_address>
         <run_address>0x11b15</run_address>
         <size>0x273</size>
         <input_file_ref idref="fl-e0"/>
      </object_component>
      <object_component id="oc-d9">
         <name>.debug_info</name>
         <load_address>0x11d88</load_address>
         <run_address>0x11d88</run_address>
         <size>0x247</size>
         <input_file_ref idref="fl-e0"/>
      </object_component>
      <object_component id="oc-1ca">
         <name>.debug_info</name>
         <load_address>0x11fcf</load_address>
         <run_address>0x11fcf</run_address>
         <size>0x2aa</size>
         <input_file_ref idref="fl-e0"/>
      </object_component>
      <object_component id="oc-df">
         <name>.debug_info</name>
         <load_address>0x12279</load_address>
         <run_address>0x12279</run_address>
         <size>0x271</size>
         <input_file_ref idref="fl-e0"/>
      </object_component>
      <object_component id="oc-1d0">
         <name>.debug_info</name>
         <load_address>0x124ea</load_address>
         <run_address>0x124ea</run_address>
         <size>0x273</size>
         <input_file_ref idref="fl-e0"/>
      </object_component>
      <object_component id="oc-184">
         <name>.debug_info</name>
         <load_address>0x1275d</load_address>
         <run_address>0x1275d</run_address>
         <size>0x441</size>
         <input_file_ref idref="fl-e1"/>
      </object_component>
      <object_component id="oc-19a">
         <name>.debug_info</name>
         <load_address>0x12b9e</load_address>
         <run_address>0x12b9e</run_address>
         <size>0x156</size>
         <input_file_ref idref="fl-e1"/>
      </object_component>
      <object_component id="oc-7c">
         <name>.debug_info</name>
         <load_address>0x12cf4</load_address>
         <run_address>0x12cf4</run_address>
         <size>0x29e</size>
         <input_file_ref idref="fl-e1"/>
      </object_component>
      <object_component id="oc-76">
         <name>.debug_info</name>
         <load_address>0x12f92</load_address>
         <run_address>0x12f92</run_address>
         <size>0x286</size>
         <input_file_ref idref="fl-e1"/>
      </object_component>
      <object_component id="oc-d3">
         <name>.debug_info</name>
         <load_address>0x13218</load_address>
         <run_address>0x13218</run_address>
         <size>0x2e4</size>
         <input_file_ref idref="fl-e1"/>
      </object_component>
      <object_component id="oc-93">
         <name>.debug_info</name>
         <load_address>0x134fc</load_address>
         <run_address>0x134fc</run_address>
         <size>0x2be</size>
         <input_file_ref idref="fl-e1"/>
      </object_component>
      <object_component id="oc-2b3">
         <name>.debug_info</name>
         <load_address>0x137ba</load_address>
         <run_address>0x137ba</run_address>
         <size>0x51</size>
         <input_file_ref idref="fl-e1"/>
      </object_component>
      <object_component id="oc-24b">
         <name>.debug_info</name>
         <load_address>0x1380b</load_address>
         <run_address>0x1380b</run_address>
         <size>0x3c7</size>
         <input_file_ref idref="fl-e2"/>
      </object_component>
      <object_component id="oc-f2">
         <name>.debug_info</name>
         <load_address>0x13bd2</load_address>
         <run_address>0x13bd2</run_address>
         <size>0x2c3</size>
         <input_file_ref idref="fl-e2"/>
      </object_component>
      <object_component id="oc-f7">
         <name>.debug_info</name>
         <load_address>0x13e95</load_address>
         <run_address>0x13e95</run_address>
         <size>0x29d</size>
         <input_file_ref idref="fl-e2"/>
      </object_component>
      <object_component id="oc-135">
         <name>.debug_info</name>
         <load_address>0x14132</load_address>
         <run_address>0x14132</run_address>
         <size>0x29b</size>
         <input_file_ref idref="fl-e2"/>
      </object_component>
      <object_component id="oc-fd">
         <name>.debug_info</name>
         <load_address>0x143cd</load_address>
         <run_address>0x143cd</run_address>
         <size>0x288</size>
         <input_file_ref idref="fl-e2"/>
      </object_component>
      <object_component id="oc-eb">
         <name>.debug_info</name>
         <load_address>0x14655</load_address>
         <run_address>0x14655</run_address>
         <size>0x295</size>
         <input_file_ref idref="fl-e2"/>
      </object_component>
      <object_component id="oc-200">
         <name>.debug_info</name>
         <load_address>0x148ea</load_address>
         <run_address>0x148ea</run_address>
         <size>0x3cb</size>
         <input_file_ref idref="fl-e3"/>
      </object_component>
      <object_component id="oc-118">
         <name>.debug_info</name>
         <load_address>0x14cb5</load_address>
         <run_address>0x14cb5</run_address>
         <size>0x288</size>
         <input_file_ref idref="fl-e3"/>
      </object_component>
      <object_component id="oc-e5">
         <name>.debug_info</name>
         <load_address>0x14f3d</load_address>
         <run_address>0x14f3d</run_address>
         <size>0x298</size>
         <input_file_ref idref="fl-e3"/>
      </object_component>
      <object_component id="oc-11d">
         <name>.debug_info</name>
         <load_address>0x151d5</load_address>
         <run_address>0x151d5</run_address>
         <size>0x296</size>
         <input_file_ref idref="fl-e3"/>
      </object_component>
      <object_component id="oc-1fa">
         <name>.debug_info</name>
         <load_address>0x1546b</load_address>
         <run_address>0x1546b</run_address>
         <size>0x250</size>
         <input_file_ref idref="fl-e3"/>
      </object_component>
      <object_component id="oc-1f4">
         <name>.debug_info</name>
         <load_address>0x156bb</load_address>
         <run_address>0x156bb</run_address>
         <size>0x252</size>
         <input_file_ref idref="fl-e3"/>
      </object_component>
      <object_component id="oc-ab">
         <name>.debug_info</name>
         <load_address>0x1590d</load_address>
         <run_address>0x1590d</run_address>
         <size>0x32f</size>
         <input_file_ref idref="fl-e3"/>
      </object_component>
      <object_component id="oc-12f">
         <name>.debug_info</name>
         <load_address>0x15c3c</load_address>
         <run_address>0x15c3c</run_address>
         <size>0x25c</size>
         <input_file_ref idref="fl-e3"/>
      </object_component>
      <object_component id="oc-129">
         <name>.debug_info</name>
         <load_address>0x15e98</load_address>
         <run_address>0x15e98</run_address>
         <size>0x27c</size>
         <input_file_ref idref="fl-e3"/>
      </object_component>
      <object_component id="oc-123">
         <name>.debug_info</name>
         <load_address>0x16114</load_address>
         <run_address>0x16114</run_address>
         <size>0x256</size>
         <input_file_ref idref="fl-e3"/>
      </object_component>
      <object_component id="oc-23e">
         <name>.debug_info</name>
         <load_address>0x1636a</load_address>
         <run_address>0x1636a</run_address>
         <size>0x21b</size>
         <input_file_ref idref="fl-e4"/>
      </object_component>
      <object_component id="oc-3b1">
         <name>.debug_info</name>
         <load_address>0x16585</load_address>
         <run_address>0x16585</run_address>
         <size>0x10a</size>
      </object_component>
      <object_component id="oc-2d9">
         <name>.debug_line</name>
         <load_address>0x0</load_address>
         <run_address>0x0</run_address>
         <size>0x90</size>
         <input_file_ref idref="fl-2"/>
      </object_component>
      <object_component id="oc-1e0">
         <name>.debug_line</name>
         <load_address>0x90</load_address>
         <run_address>0x90</run_address>
         <size>0x72</size>
         <input_file_ref idref="fl-2"/>
      </object_component>
      <object_component id="oc-1e7">
         <name>.debug_line</name>
         <load_address>0x102</load_address>
         <run_address>0x102</run_address>
         <size>0x72</size>
         <input_file_ref idref="fl-2"/>
      </object_component>
      <object_component id="oc-1ee">
         <name>.debug_line</name>
         <load_address>0x174</load_address>
         <run_address>0x174</run_address>
         <size>0x72</size>
         <input_file_ref idref="fl-2"/>
      </object_component>
      <object_component id="oc-a1">
         <name>.debug_line</name>
         <load_address>0x1e6</load_address>
         <run_address>0x1e6</run_address>
         <size>0x5b2</size>
         <input_file_ref idref="fl-2"/>
      </object_component>
      <object_component id="oc-231">
         <name>.debug_line</name>
         <load_address>0x798</load_address>
         <run_address>0x798</run_address>
         <size>0x5a</size>
         <input_file_ref idref="fl-2"/>
      </object_component>
      <object_component id="oc-14f">
         <name>.debug_line</name>
         <load_address>0x7f2</load_address>
         <run_address>0x7f2</run_address>
         <size>0x6f</size>
         <input_file_ref idref="fl-2"/>
      </object_component>
      <object_component id="oc-13e">
         <name>.debug_line</name>
         <load_address>0x861</load_address>
         <run_address>0x861</run_address>
         <size>0x20</size>
         <input_file_ref idref="fl-2"/>
      </object_component>
      <object_component id="oc-25c">
         <name>.debug_line</name>
         <load_address>0x881</load_address>
         <run_address>0x881</run_address>
         <size>0x73</size>
         <input_file_ref idref="fl-2"/>
      </object_component>
      <object_component id="oc-143">
         <name>.debug_line</name>
         <load_address>0x8f4</load_address>
         <run_address>0x8f4</run_address>
         <size>0x6f</size>
         <input_file_ref idref="fl-2"/>
      </object_component>
      <object_component id="oc-148">
         <name>.debug_line</name>
         <load_address>0x963</load_address>
         <run_address>0x963</run_address>
         <size>0x70</size>
         <input_file_ref idref="fl-2"/>
      </object_component>
      <object_component id="oc-22d">
         <name>.debug_line</name>
         <load_address>0x9d3</load_address>
         <run_address>0x9d3</run_address>
         <size>0x1d6</size>
         <input_file_ref idref="fl-3"/>
      </object_component>
      <object_component id="oc-239">
         <name>.debug_line</name>
         <load_address>0xba9</load_address>
         <run_address>0xba9</run_address>
         <size>0x2d</size>
         <input_file_ref idref="fl-3"/>
      </object_component>
      <object_component id="oc-23b">
         <name>.debug_line</name>
         <load_address>0xbd6</load_address>
         <run_address>0xbd6</run_address>
         <size>0x2d</size>
         <input_file_ref idref="fl-3"/>
      </object_component>
      <object_component id="oc-31">
         <name>.debug_line</name>
         <load_address>0xc03</load_address>
         <run_address>0xc03</run_address>
         <size>0x282</size>
         <input_file_ref idref="fl-3"/>
      </object_component>
      <object_component id="oc-236">
         <name>.debug_line</name>
         <load_address>0xe85</load_address>
         <run_address>0xe85</run_address>
         <size>0x74</size>
         <input_file_ref idref="fl-3"/>
      </object_component>
      <object_component id="oc-30a">
         <name>.debug_line</name>
         <load_address>0xef9</load_address>
         <run_address>0xef9</run_address>
         <size>0x8d</size>
         <input_file_ref idref="fl-4"/>
      </object_component>
      <object_component id="oc-2f2">
         <name>.debug_line</name>
         <load_address>0xf86</load_address>
         <run_address>0xf86</run_address>
         <size>0x30</size>
         <input_file_ref idref="fl-4"/>
      </object_component>
      <object_component id="oc-2f4">
         <name>.debug_line</name>
         <load_address>0xfb6</load_address>
         <run_address>0xfb6</run_address>
         <size>0x30</size>
         <input_file_ref idref="fl-4"/>
      </object_component>
      <object_component id="oc-2f0">
         <name>.debug_line</name>
         <load_address>0xfe6</load_address>
         <run_address>0xfe6</run_address>
         <size>0x30</size>
         <input_file_ref idref="fl-4"/>
      </object_component>
      <object_component id="oc-c2">
         <name>.debug_line</name>
         <load_address>0x1016</load_address>
         <run_address>0x1016</run_address>
         <size>0x1ac</size>
         <input_file_ref idref="fl-4"/>
      </object_component>
      <object_component id="oc-268">
         <name>.debug_line</name>
         <load_address>0x11c2</load_address>
         <run_address>0x11c2</run_address>
         <size>0x6b</size>
         <input_file_ref idref="fl-4"/>
      </object_component>
      <object_component id="oc-14b">
         <name>.debug_line</name>
         <load_address>0x122d</load_address>
         <run_address>0x122d</run_address>
         <size>0x41</size>
         <input_file_ref idref="fl-5"/>
      </object_component>
      <object_component id="oc-34">
         <name>.debug_line</name>
         <load_address>0x126e</load_address>
         <run_address>0x126e</run_address>
         <size>0x41</size>
         <input_file_ref idref="fl-5"/>
      </object_component>
      <object_component id="oc-28">
         <name>.debug_line</name>
         <load_address>0x12af</load_address>
         <run_address>0x12af</run_address>
         <size>0xa1</size>
         <input_file_ref idref="fl-5"/>
      </object_component>
      <object_component id="oc-3f">
         <name>.debug_line</name>
         <load_address>0x1350</load_address>
         <run_address>0x1350</run_address>
         <size>0x20</size>
         <input_file_ref idref="fl-5"/>
      </object_component>
      <object_component id="oc-30c">
         <name>.debug_line</name>
         <load_address>0x1370</load_address>
         <run_address>0x1370</run_address>
         <size>0x129</size>
         <input_file_ref idref="fl-7"/>
      </object_component>
      <object_component id="oc-33c">
         <name>.debug_line</name>
         <load_address>0x1499</load_address>
         <run_address>0x1499</run_address>
         <size>0x30</size>
         <input_file_ref idref="fl-7"/>
      </object_component>
      <object_component id="oc-204">
         <name>.debug_line</name>
         <load_address>0x14c9</load_address>
         <run_address>0x14c9</run_address>
         <size>0xe3</size>
         <input_file_ref idref="fl-7"/>
      </object_component>
      <object_component id="oc-30e">
         <name>.debug_line</name>
         <load_address>0x15ac</load_address>
         <run_address>0x15ac</run_address>
         <size>0xde</size>
         <input_file_ref idref="fl-8"/>
      </object_component>
      <object_component id="oc-34b">
         <name>.debug_line</name>
         <load_address>0x168a</load_address>
         <run_address>0x168a</run_address>
         <size>0x9b</size>
         <input_file_ref idref="fl-c3"/>
      </object_component>
      <object_component id="oc-222">
         <name>.debug_line</name>
         <load_address>0x1725</load_address>
         <run_address>0x1725</run_address>
         <size>0x105</size>
         <input_file_ref idref="fl-c3"/>
      </object_component>
      <object_component id="oc-345">
         <name>.debug_line</name>
         <load_address>0x182a</load_address>
         <run_address>0x182a</run_address>
         <size>0x9a</size>
         <input_file_ref idref="fl-c3"/>
      </object_component>
      <object_component id="oc-2ff">
         <name>.debug_line</name>
         <load_address>0x18c4</load_address>
         <run_address>0x18c4</run_address>
         <size>0x97</size>
         <input_file_ref idref="fl-c3"/>
      </object_component>
      <object_component id="oc-348">
         <name>.debug_line</name>
         <load_address>0x195b</load_address>
         <run_address>0x195b</run_address>
         <size>0x91</size>
         <input_file_ref idref="fl-c4"/>
      </object_component>
      <object_component id="oc-219">
         <name>.debug_line</name>
         <load_address>0x19ec</load_address>
         <run_address>0x19ec</run_address>
         <size>0x13f</size>
         <input_file_ref idref="fl-c4"/>
      </object_component>
      <object_component id="oc-20d">
         <name>.debug_line</name>
         <load_address>0x1b2b</load_address>
         <run_address>0x1b2b</run_address>
         <size>0xd2</size>
         <input_file_ref idref="fl-c5"/>
      </object_component>
      <object_component id="oc-303">
         <name>.debug_line</name>
         <load_address>0x1bfd</load_address>
         <run_address>0x1bfd</run_address>
         <size>0x77</size>
         <input_file_ref idref="fl-c6"/>
      </object_component>
      <object_component id="oc-10b">
         <name>.debug_line</name>
         <load_address>0x1c74</load_address>
         <run_address>0x1c74</run_address>
         <size>0xa8</size>
         <input_file_ref idref="fl-c7"/>
      </object_component>
      <object_component id="oc-113">
         <name>.debug_line</name>
         <load_address>0x1d1c</load_address>
         <run_address>0x1d1c</run_address>
         <size>0x8e</size>
         <input_file_ref idref="fl-c8"/>
      </object_component>
      <object_component id="oc-110">
         <name>.debug_line</name>
         <load_address>0x1daa</load_address>
         <run_address>0x1daa</run_address>
         <size>0x5a</size>
         <input_file_ref idref="fl-c9"/>
      </object_component>
      <object_component id="oc-c4">
         <name>.debug_line</name>
         <load_address>0x1e04</load_address>
         <run_address>0x1e04</run_address>
         <size>0x67</size>
         <input_file_ref idref="fl-ca"/>
      </object_component>
      <object_component id="oc-106">
         <name>.debug_line</name>
         <load_address>0x1e6b</load_address>
         <run_address>0x1e6b</run_address>
         <size>0x50</size>
         <input_file_ref idref="fl-cc"/>
      </object_component>
      <object_component id="oc-26b">
         <name>.debug_line</name>
         <load_address>0x1ebb</load_address>
         <run_address>0x1ebb</run_address>
         <size>0x92</size>
         <input_file_ref idref="fl-cf"/>
      </object_component>
      <object_component id="oc-52">
         <name>.debug_line</name>
         <load_address>0x1f4d</load_address>
         <run_address>0x1f4d</run_address>
         <size>0x56</size>
         <input_file_ref idref="fl-cf"/>
      </object_component>
      <object_component id="oc-163">
         <name>.debug_line</name>
         <load_address>0x1fa3</load_address>
         <run_address>0x1fa3</run_address>
         <size>0x34</size>
         <input_file_ref idref="fl-cf"/>
      </object_component>
      <object_component id="oc-15e">
         <name>.debug_line</name>
         <load_address>0x1fd7</load_address>
         <run_address>0x1fd7</run_address>
         <size>0x20</size>
         <input_file_ref idref="fl-d0"/>
      </object_component>
      <object_component id="oc-20">
         <name>.debug_line</name>
         <load_address>0x1ff7</load_address>
         <run_address>0x1ff7</run_address>
         <size>0x55</size>
         <input_file_ref idref="fl-d0"/>
      </object_component>
      <object_component id="oc-4a">
         <name>.debug_line</name>
         <load_address>0x204c</load_address>
         <run_address>0x204c</run_address>
         <size>0x3a</size>
         <input_file_ref idref="fl-d0"/>
      </object_component>
      <object_component id="oc-15b">
         <name>.debug_line</name>
         <load_address>0x2086</load_address>
         <run_address>0x2086</run_address>
         <size>0x92</size>
         <input_file_ref idref="fl-d0"/>
      </object_component>
      <object_component id="oc-264">
         <name>.debug_line</name>
         <load_address>0x2118</load_address>
         <run_address>0x2118</run_address>
         <size>0x20</size>
         <input_file_ref idref="fl-d1"/>
      </object_component>
      <object_component id="oc-19">
         <name>.debug_line</name>
         <load_address>0x2138</load_address>
         <run_address>0x2138</run_address>
         <size>0xa9</size>
         <input_file_ref idref="fl-d1"/>
      </object_component>
      <object_component id="oc-3a">
         <name>.debug_line</name>
         <load_address>0x21e1</load_address>
         <run_address>0x21e1</run_address>
         <size>0x3a</size>
         <input_file_ref idref="fl-d1"/>
      </object_component>
      <object_component id="oc-261">
         <name>.debug_line</name>
         <load_address>0x221b</load_address>
         <run_address>0x221b</run_address>
         <size>0x9a</size>
         <input_file_ref idref="fl-d1"/>
      </object_component>
      <object_component id="oc-154">
         <name>.debug_line</name>
         <load_address>0x22b5</load_address>
         <run_address>0x22b5</run_address>
         <size>0x96</size>
         <input_file_ref idref="fl-d1"/>
      </object_component>
      <object_component id="oc-36e">
         <name>.debug_line</name>
         <load_address>0x234b</load_address>
         <run_address>0x234b</run_address>
         <size>0x20</size>
         <input_file_ref idref="fl-d2"/>
      </object_component>
      <object_component id="oc-2e2">
         <name>.debug_line</name>
         <load_address>0x236b</load_address>
[...]
      </symbol>
      <symbol id="sm-6">
         <name>__TI_Handler_Table_Base</name>
         <value>0x3990</value>
      </symbol>
      <symbol id="sm-7">
         <name>__TI_Handler_Table_Limit</name>
         <value>0x399c</value>
      </symbol>
      <symbol id="sm-8">
         <name>binit</name>
         <value>0xffffffff</value>
      </symbol>
      <symbol id="sm-9">
         <name>__binit__</name>
         <value>0xffffffff</value>
      </symbol>
      <symbol id="sm-a">
         <name>__STACK_SIZE</name>
         <value>0x200</value>
      </symbol>
      <symbol id="sm-b">
         <name>__STACK_END</name>
         <value>0x20000200</value>
      </symbol>
      <symbol id="sm-c">
         <name>__c_args__</name>
         <value>0xffffffff</value>
      </symbol>
      <symbol id="sm-d">
         <name>__TI_pprof_out_hndl</name>
         <value>0xffffffff</value>
      </symbol>
      <symbol id="sm-e">
         <name>__TI_prof_data_start</name>
         <value>0xffffffff</value>
      </symbol>
      <symbol id="sm-f">
         <name>__TI_prof_data_size</name>
         <value>0xffffffff</value>
      </symbol>
      <symbol id="sm-ff">
         <name>I2CMWrite8</name>
         <value>0xc55</value>
         <object_component_ref idref="oc-9e"/>
      </symbol>
      <symbol id="sm-100">
         <name>I2CMRead16BE</name>
         <value>0xd21</value>
         <object_component_ref idref="oc-9e"/>
      </symbol>
      <symbol id="sm-101">
         <name>I2CMWrite16BE</name>
         <value>0xde7</value>
         <object_component_ref idref="oc-9e"/>
      </symbol>
      <symbol id="sm-102">
         <name>I2CMCommand</name>
         <value>0x85d</value>
         <object_component_ref idref="oc-9e"/>
      </symbol>
      <symbol id="sm-103">
         <name>I2CMReadModifyWrite16LE</name>
         <value>0xb47</value>
         <object_component_ref idref="oc-9e"/>
      </symbol>
      <symbol id="sm-104">
         <name>I2CMWrite</name>
         <value>0x3543</value>
         <object_component_ref idref="oc-1db"/>
      </symbol>
      <symbol id="sm-105">
         <name>I2CMInit</name>
         <value>0x807</value>
         <object_component_ref idref="oc-9e"/>
      </symbol>
      <symbol id="sm-106">
         <name>I2CMReadModifyWrite8</name>
         <value>0x9ff</value>
         <object_component_ref idref="oc-9e"/>
      </symbol>
      <symbol id="sm-107">
         <name>I2CMWriteBatched</name>
         <value>0x3579</value>
         <object_component_ref idref="oc-1e9"/>
      </symbol>
      <symbol id="sm-108">
         <name>I2CMRead</name>
         <value>0x350d</value>
         <object_component_ref idref="oc-1e2"/>
      </symbol>
      <symbol id="sm-109">
         <name>I2CMTransferResume</name>
         <value>0x929</value>
         <object_component_ref idref="oc-9e"/>
      </symbol>
      <symbol id="sm-10a">
         <name>I2CMIntHandler</name>
         <value>0x6e9</value>
         <object_component_ref idref="oc-9e"/>
      </symbol>
      <symbol id="sm-19e">
         <name>loop_time</name>
         <value>0x20000378</value>
      </symbol>
      <symbol id="sm-19f">
         <name>g_bMPU6050Done</name>
         <value>0x20000324</value>
      </symbol>
      <symbol id="sm-1a0">
         <name>g_sI2CMSimpleInst</name>
         <value>0x20000200</value>
      </symbol>
      <symbol id="sm-1a1">
         <name>tmp_8</name>
         <value>0x20000387</value>
         <object_component_ref idref="oc-cc"/>
      </symbol>
      <symbol id="sm-1a2">
         <name>tmp_9</name>
         <value>0x20000388</value>
         <object_component_ref idref="oc-cc"/>
      </symbol>
      <symbol id="sm-1a3">
         <name>tmp_1</name>
         <value>0x20000380</value>
         <object_component_ref idref="oc-cc"/>
      </symbol>
      <symbol id="sm-1a4">
         <name>tmp_2</name>
         <value>0x20000381</value>
         <object_component_ref idref="oc-cc"/>
      </symbol>
      <symbol id="sm-1a5">
         <name>tmp_3</name>
         <value>0x20000382</value>
         <object_component_ref idref="oc-cc"/>
      </symbol>
      <symbol id="sm-1a6">
         <name>tmp_4</name>
         <value>0x20000383</value>
         <object_component_ref idref="oc-cc"/>
      </symbol>
      <symbol id="sm-1a7">
         <name>tmp_5</name>
         <value>0x20000384</value>
         <object_component_ref idref="oc-cc"/>
      </symbol>
      <symbol id="sm-1a8">
         <name>tmp_6</name>
         <value>0x20000385</value>
         <object_component_ref idref="oc-cc"/>
      </symbol>
      <symbol id="sm-1a9">
         <name>tmp_7</name>
         <value>0x20000386</value>
         <object_component_ref idref="oc-cc"/>
      </symbol>
      <symbol id="sm-1aa">
         <name>UART5IntHandler</name>
         <value>0x1e39</value>
         <object_component_ref idref="oc-2d"/>
      </symbol>
      <symbol id="sm-1ab">
         <name>MPU6050Example</name>
         <value>0x1891</value>
         <object_component_ref idref="oc-2d"/>
      </symbol>
      <symbol id="sm-1ac">
         <name>MPU6050Callback</name>
         <value>0x1853</value>
         <object_component_ref idref="oc-2d"/>
      </symbol>
      <symbol id="sm-1ad">
         <name>int_to_char</name>
         <value>0x1b29</value>
         <object_component_ref idref="oc-2d"/>
      </symbol>
      <symbol id="sm-1ae">
         <name>main</name>
         <value>0x1d57</value>
         <object_component_ref idref="oc-2d"/>
      </symbol>
      <symbol id="sm-1af">
         <name>InitI2C0</name>
         <value>0x175d</value>
         <object_component_ref idref="oc-2d"/>
      </symbol>
      <symbol id="sm-1b0">
         <name>ConfigureUART</name>
         <value>0x17b9</value>
         <object_component_ref idref="oc-2d"/>
      </symbol>
      <symbol id="sm-1b1">
         <name>delayMS</name>
         <value>0x1837</value>
         <object_component_ref idref="oc-2d"/>
      </symbol>
      <symbol id="sm-1b2">
         <name>I2CMSimpleIntHandler</name>
         <value>0x1865</value>
         <object_component_ref idref="oc-2d"/>
      </symbol>
      <symbol id="sm-1b3">
         <name>Timer3IntHandler</name>
         <value>0x1e79</value>
         <object_component_ref idref="oc-2d"/>
      </symbol>
      <symbol id="sm-1b4">
         <name>parser</name>
         <value>0x1bf1</value>
         <object_component_ref idref="oc-2d"/>
      </symbol>
      <symbol id="sm-22e">
         <name>MPU6050_Calibrate</name>
         <value>0xfdf</value>
         <object_component_ref idref="oc-bd"/>
      </symbol>
      <symbol id="sm-22f">
         <name>MPU6050_Config</name>
         <value>0xe5d</value>
         <object_component_ref idref="oc-bd"/>
      </symbol>
      <symbol id="sm-230">
         <name>MPU6050_Read_Comple_Angle</name>
         <value>0x14cd</value>
         <object_component_ref idref="oc-bd"/>
      </symbol>
      <symbol id="sm-231">
         <name>MPU6050_Read_Angle</name>
         <value>0x1325</value>
         <object_component_ref idref="oc-bd"/>
      </symbol>
      <symbol id="sm-232">
         <name>MPU6050_Read_raw</name>
         <value>0xf4f</value>
         <object_component_ref idref="oc-bd"/>
      </symbol>
      <symbol id="sm-233">
         <name>MPU6050_Read_raw_Calibrated</name>
         <value>0x1159</value>
         <object_component_ref idref="oc-bd"/>
      </symbol>
      <symbol id="sm-234">
         <name>MPU6050_Calib_Set</name>
         <value>0x10e3</value>
         <object_component_ref idref="oc-bd"/>
      </symbol>
      <symbol id="sm-235">
         <name>MPU6050_Read</name>
         <value>0x121d</value>
         <object_component_ref idref="oc-bd"/>
      </symbol>
      <symbol id="sm-256">
         <name>ResetISR</name>
         <value>0x379d</value>
         <object_component_ref idref="oc-27"/>
      </symbol>
      <symbol id="sm-257">
         <name>g_pfnVectors</name>
         <value>0x0</value>
         <object_component_ref idref="oc-12"/>
      </symbol>
      <symbol id="sm-2a7">
         <name>I2C_Config</name>
         <value>0x23dd</value>
         <object_component_ref idref="oc-203"/>
      </symbol>
      <symbol id="sm-2a8">
         <name>I2C_Read_bytes</name>
         <value>0x25ab</value>
         <object_component_ref idref="oc-203"/>
      </symbol>
      <symbol id="sm-2a9">
         <name>I2C_Write_bytes</name>
         <value>0x24f7</value>
         <object_component_ref idref="oc-203"/>
      </symbol>
      <symbol id="sm-2e6">
         <name>asinl</name>
         <value>0x2009</value>
         <object_component_ref idref="oc-21d"/>
      </symbol>
      <symbol id="sm-2e7">
         <name>asin</name>
         <value>0x2009</value>
         <object_component_ref idref="oc-21d"/>
      </symbol>
      <symbol id="sm-309">
         <name>sqrtl</name>
         <value>0x2a2d</value>
         <object_component_ref idref="oc-217"/>
      </symbol>
      <symbol id="sm-30a">
         <name>sqrt</name>
         <value>0x2a2d</value>
         <object_component_ref idref="oc-217"/>
      </symbol>
      <symbol id="sm-321">
         <name>__aeabi_dsub</name>
         <value>0x2709</value>
         <object_component_ref idref="oc-209"/>
      </symbol>
      <symbol id="sm-322">
         <name>__aeabi_dadd</name>
         <value>0x2713</value>
         <object_component_ref idref="oc-209"/>
      </symbol>
      <symbol id="sm-334">
         <name>__aeabi_cdrcmple</name>
         <value>0x3061</value>
         <object_component_ref idref="oc-302"/>
      </symbol>
      <symbol id="sm-348">
         <name>__aeabi_ddiv</name>
         <value>0x2b85</value>
         <object_component_ref idref="oc-107"/>
      </symbol>
      <symbol id="sm-353">
         <name>__aeabi_dmul</name>
         <value>0x2dd5</value>
         <object_component_ref idref="oc-111"/>
      </symbol>
      <symbol id="sm-35d">
         <name>__aeabi_d2iz</name>
         <value>0x3439</value>
         <object_component_ref idref="oc-10c"/>
      </symbol>
      <symbol id="sm-369">
         <name>__aeabi_d2f</name>
         <value>0x30e7</value>
         <object_component_ref idref="oc-c3"/>
      </symbol>
      <symbol id="sm-374">
         <name>__aeabi_i2d</name>
         <value>0x3619</value>
         <object_component_ref idref="oc-102"/>
      </symbol>
      <symbol id="sm-38a">
         <name>__TI_zero_init_nomemset</name>
         <value>0x3695</value>
         <object_component_ref idref="oc-4d"/>
      </symbol>
      <symbol id="sm-3a1">
         <name>__TI_decompress_none</name>
         <value>0x3777</value>
         <object_component_ref idref="oc-1b"/>
      </symbol>
      <symbol id="sm-3c4">
         <name>__TI_decompress_lzss</name>
         <value>0x3225</value>
         <object_component_ref idref="oc-15"/>
      </symbol>
      <symbol id="sm-3d3">
         <name>strcmp</name>
         <value>0x36cb</value>
         <object_component_ref idref="oc-2de"/>
      </symbol>
      <symbol id="sm-3e9">
         <name>__aeabi_errno_addr</name>
         <value>0x3801</value>
         <object_component_ref idref="oc-2f5"/>
      </symbol>
      <symbol id="sm-3ea">
         <name>errno</name>
         <value>0x200003c8</value>
         <object_component_ref idref="oc-33d"/>
      </symbol>
      <symbol id="sm-3fd">
         <name>__stack</name>
         <value>0x20000000</value>
         <object_component_ref idref="oc-24"/>
      </symbol>
      <symbol id="sm-3fe">
         <name>_c_int00_noargs</name>
         <value>0x35e5</value>
         <object_component_ref idref="oc-5f"/>
      </symbol>
      <symbol id="sm-41a">
         <name>memcpy</name>
         <value>0x2fc5</value>
         <object_component_ref idref="oc-41"/>
      </symbol>
      <symbol id="sm-41b">
         <name>__aeabi_memcpy</name>
         <value>0x2fc5</value>
         <object_component_ref idref="oc-41"/>
      </symbol>
      <symbol id="sm-41c">
         <name>__aeabi_memcpy8</name>
         <value>0x2fc5</value>
         <object_component_ref idref="oc-41"/>
      </symbol>
      <symbol id="sm-41d">
         <name>__aeabi_memcpy4</name>
         <value>0x2fc5</value>
         <object_component_ref idref="oc-41"/>
      </symbol>
      <symbol id="sm-446">
         <name>__TI_auto_init_nobinit_nopinit</name>
         <value>0x34c9</value>
         <object_component_ref idref="oc-27a"/>
      </symbol>
      <symbol id="sm-450">
         <name>_system_pre_init</name>
         <value>0x3829</value>
         <object_component_ref idref="oc-16c"/>
      </symbol>
      <symbol id="sm-45c">
         <name>C$$EXIT</name>
         <value>0x382d</value>
         <object_component_ref idref="oc-26e"/>
      </symbol>
      <symbol id="sm-45d">
         <name>abort</name>
         <value>0x382d</value>
         <object_component_ref idref="oc-26e"/>
      </symbol>
      <symbol id="sm-4cd">
         <name>GPIOPinConfigure</name>
         <value>0x33a1</value>
         <object_component_ref idref="oc-80"/>
      </symbol>
      <symbol id="sm-4ce">
         <name>GPIOPinTypeI2CSCL</name>
         <value>0x36f9</value>
         <object_component_ref idref="oc-86"/>
      </symbol>
      <symbol id="sm-4cf">
         <name>GPIOPinTypeI2C</name>
         <value>0x36e3</value>
         <object_component_ref idref="oc-8c"/>
      </symbol>
      <symbol id="sm-4d0">
         <name>GPIOPinTypeUART</name>
         <value>0x370f</value>
         <object_component_ref idref="oc-a4"/>
      </symbol>
      <symbol id="sm-4d1">
         <name>GPIOPinTypeGPIOOutput</name>
         <value>0x36b1</value>
         <object_component_ref idref="oc-b0"/>
      </symbol>
      <symbol id="sm-4d2">
         <name>GPIODirModeSet</name>
         <value>0x3647</value>
         <object_component_ref idref="oc-18b"/>
      </symbol>
      <symbol id="sm-4d3">
         <name>GPIOPinWrite</name>
         <value>0x3809</value>
         <object_component_ref idref="oc-b6"/>
      </symbol>
      <symbol id="sm-4d4">
         <name>GPIOPadConfigSet</name>
         <value>0x28c1</value>
         <object_component_ref idref="oc-191"/>
      </symbol>
      <symbol id="sm-526">
         <name>I2CMasterDataPut</name>
         <value>0x381d</value>
         <object_component_ref idref="oc-1ab"/>
      </symbol>
      <symbol id="sm-527">
         <name>I2CMasterInitExpClk</name>
         <value>0x33ed</value>
         <object_component_ref idref="oc-98"/>
      </symbol>
      <symbol id="sm-528">
         <name>I2CMasterSlaveAddrSet</name>
         <value>0x37e9</value>
         <object_component_ref idref="oc-1a5"/>
      </symbol>
      <symbol id="sm-529">
         <name>I2CMasterDataGet</name>
         <value>0x3819</value>
         <object_component_ref idref="oc-1b7"/>
      </symbol>
      <symbol id="sm-52a">
         <name>I2CMasterIntEnableEx</name>
         <value>0x37e1</value>
         <object_component_ref idref="oc-1c3"/>
      </symbol>
      <symbol id="sm-52b">
         <name>I2CMasterControl</name>
         <value>0x3815</value>
         <object_component_ref idref="oc-1b1"/>
      </symbol>
      <symbol id="sm-52c">
         <name>I2CMasterBusy</name>
         <value>0x37d1</value>
         <object_component_ref idref="oc-2e4"/>
      </symbol>
      <symbol id="sm-52d">
         <name>I2CMasterEnable</name>
         <value>0x37a9</value>
         <object_component_ref idref="oc-19d"/>
      </symbol>
      <symbol id="sm-52e">
         <name>I2CMasterIntClear</name>
         <value>0x37d9</value>
         <object_component_ref idref="oc-1bd"/>
      </symbol>
      <symbol id="sm-58b">
         <name>IntIsEnabled</name>
         <value>0x328d</value>
         <object_component_ref idref="oc-1c9"/>
      </symbol>
      <symbol id="sm-58c">
         <name>IntEnable</name>
         <value>0x31bd</value>
         <object_component_ref idref="oc-de"/>
      </symbol>
      <symbol id="sm-58d">
         <name>IntTrigger</name>
         <value>0x3791</value>
         <object_component_ref idref="oc-1d5"/>
      </symbol>
      <symbol id="sm-58e">
         <name>IntDisable</name>
         <value>0x3155</value>
         <object_component_ref idref="oc-1cf"/>
      </symbol>
      <symbol id="sm-58f">
         <name>IntMasterEnable</name>
         <value>0x374b</value>
         <object_component_ref idref="oc-d8"/>
      </symbol>
      <symbol id="sm-5ee">
         <name>SysCtlClockSet</name>
         <value>0x2ed1</value>
         <object_component_ref idref="oc-d2"/>
      </symbol>
      <symbol id="sm-5ef">
         <name>SysCtlDelay</name>
         <value>0x380f</value>
         <object_component_ref idref="oc-bc"/>
      </symbol>
      <symbol id="sm-5f0">
         <name>SysCtlPeripheralEnable</name>
         <value>0x35b1</value>
         <object_component_ref idref="oc-74"/>
      </symbol>
      <symbol id="sm-5f1">
         <name>SysCtlClockGet</name>
         <value>0x2cbd</value>
         <object_component_ref idref="oc-92"/>
      </symbol>
      <symbol id="sm-5f2">
         <name>SysCtlPeripheralReset</name>
         <value>0x3351</value>
         <object_component_ref idref="oc-7a"/>
      </symbol>
      <symbol id="sm-626">
         <name>TimerLoadSet</name>
         <value>0x3739</value>
         <object_component_ref idref="oc-f0"/>
      </symbol>
      <symbol id="sm-627">
         <name>TimerEnable</name>
         <value>0x375b</value>
         <object_component_ref idref="oc-fc"/>
      </symbol>
      <symbol id="sm-628">
         <name>TimerIntEnable</name>
         <value>0x37f1</value>
         <object_component_ref idref="oc-f6"/>
      </symbol>
      <symbol id="sm-629">
         <name>TimerConfigure</name>
         <value>0x32f1</value>
         <object_component_ref idref="oc-ea"/>
      </symbol>
      <symbol id="sm-62a">
         <name>TimerIntClear</name>
         <value>0x3821</value>
         <object_component_ref idref="oc-134"/>
      </symbol>
      <symbol id="sm-67d">
         <name>UARTConfigSetExpClk</name>
         <value>0x3481</value>
         <object_component_ref idref="oc-aa"/>
      </symbol>
      <symbol id="sm-67e">
         <name>UARTDisable</name>
         <value>0x3675</value>
         <object_component_ref idref="oc-1f3"/>
      </symbol>
      <symbol id="sm-67f">
         <name>UARTIntEnable</name>
         <value>0x37f9</value>
         <object_component_ref idref="oc-e4"/>
      </symbol>
      <symbol id="sm-680">
         <name>UARTCharsAvail</name>
         <value>0x3769</value>
         <object_component_ref idref="oc-12e"/>
      </symbol>
      <symbol id="sm-681">
         <name>UARTCharPut</name>
         <value>0x37bd</value>
         <object_component_ref idref="oc-128"/>
      </symbol>
      <symbol id="sm-682">
         <name>UARTEnable</name>
         <value>0x3725</value>
         <object_component_ref idref="oc-1f9"/>
      </symbol>
      <symbol id="sm-683">
         <name>UARTIntClear</name>
         <value>0x3825</value>
         <object_component_ref idref="oc-11c"/>
      </symbol>
      <symbol id="sm-684">
         <name>UARTIntStatus</name>
         <value>0x37c7</value>
         <object_component_ref idref="oc-116"/>
      </symbol>
      <symbol id="sm-685">
         <name>UARTCharGet</name>
         <value>0x37b3</value>
         <object_component_ref idref="oc-122"/>
      </symbol>
      <symbol id="sm-68f">
         <name>CPUcpsie</name>
         <value>0x3785</value>
         <object_component_ref idref="oc-23d"/>
      </symbol>
      <symbol id="sm-690">
         <name>__TI_static_base__</name>
         <value>0x0</value>
      </symbol>
      <symbol id="sm-693">
         <name>__mpu_init</name>
         <value>0x0</value>
      </symbol>
      <symbol id="sm-694">
         <name>_system_post_cinit</name>
         <value>0x0</value>
      </symbol>
   </symbol_table>
   <title>Link successful</title>
</link_info>
