******************************************************************************
                  TI ARM Linker PC v20.2.6                     
******************************************************************************
>> Linked Tue Nov  1 16:26:31 2022

OUTPUT FILE NAME:   <ShowMPUData.out>
ENTRY POINT SYMBOL: "_c_int00_noargs"  address: 000032ed


MEMORY CONFIGURATION

         name            origin    length      used     unused   attr    fill
----------------------  --------  ---------  --------  --------  ----  --------
  FLASH                 00000000   00040000  0000361e  0003c9e2  R  X
  SRAM                  20000000   00008000  000003cc  00007c34  RW X


SEGMENT ALLOCATION MAP

run origin  load origin   length   init length attrs members
----------  ----------- ---------- ----------- ----- -------
00000000    00000000    00003620   00003620    r-x
  00000000    00000000    0000026c   0000026c    r-- .intvecs
  0000026c    0000026c    0000322e   0000322e    r-x .text
  0000349c    0000349c    0000012c   0000012c    r-- .const
  000035c8    000035c8    00000058   00000058    r-- .cinit
20000000    20000000    000003cc   00000000    rw-
  20000000    20000000    00000200   00000000    rw- .stack
  20000200    20000200    00000180   00000000    rw- .bss
  20000380    20000380    0000004c   00000000    rw- .data


SECTION ALLOCATION MAP

 output                                  attributes/
section   page    origin      length       input sections
--------  ----  ----------  ----------   ----------------
.intvecs   0    00000000    0000026c     
                  00000000    0000026c     tm4c123gh6pm_startup_ccs.obj (.intvecs)

.text      0    0000026c    0000322e     
                  0000026c    00000bf0     i2cm_drv.obj (.text)
                  00000e5c    00000900     mpu6050.obj (.text)
                  0000175c    00000614     main.obj (.text)
                  00001d70    000003d4     rtsv7M4_T_le_v4SPD16_eabi.lib : e_asin.c.obj (.text:asin)
                  00002144    0000032c     I2C.obj (.text)
                  00002470    000001b6     rtsv7M4_T_le_v4SPD16_eabi.lib : fd_add_t2.asm.obj (.text)
                  00002626    00000002     --HOLE-- [fill = 0]
                  00002628    0000016c     driverlib.lib : gpio.obj (.text:GPIOPadConfigSet)
                  00002794    00000158     rtsv7M4_T_le_v4SPD16_eabi.lib : e_sqrt.c.obj (.text:sqrt)
                  000028ec    00000136                                   : fd_div_t2.asm.obj (.text)
                  00002a22    00000002     --HOLE-- [fill = 0]
                  00002a24    00000118     driverlib.lib : sysctl.obj (.text:SysCtlClockGet)
                  00002b3c    000000fc     rtsv7M4_T_le_v4SPD16_eabi.lib : fd_mul_t2.asm.obj (.text)
                  00002c38    000000f4     driverlib.lib : sysctl.obj (.text:SysCtlClockSet)
                  00002d2c    0000009c     rtsv7M4_T_le_v4SPD16_eabi.lib : memcpy_t2.asm.obj (.text)
                  00002dc8    00000086                                   : fd_cmp_t2.asm.obj (.text:__aeabi_cdrcmple)
                  00002e4e    0000006e                                   : fd_tos_t2.asm.obj (.text)
                  00002ebc    00000068     driverlib.lib : interrupt.obj (.text:IntDisable)
                  00002f24    00000068                   : interrupt.obj (.text:IntEnable)
                  00002f8c    00000068     rtsv7M4_T_le_v4SPD16_eabi.lib : copy_decompress_lzss.c.obj (.text:decompress:lzss:__TI_decompress_lzss)
                  00002ff4    00000064     driverlib.lib : interrupt.obj (.text:IntIsEnabled)
                  00003058    00000050                   : sysctl.obj (.text:SysCtlPeripheralReset)
                  000030a8    0000004c                   : gpio.obj (.text:GPIOPinConfigure)
                  000030f4    0000004c                   : i2c.obj (.text:I2CMasterInitExpClk)
                  00003140    00000048     rtsv7M4_T_le_v4SPD16_eabi.lib : fd_toi_t2.asm.obj (.text)
                  00003188    00000046     driverlib.lib : uart.obj (.text:UARTConfigSetExpClk)
                  000031ce    00000002     --HOLE-- [fill = 0]
                  000031d0    00000044     rtsv7M4_T_le_v4SPD16_eabi.lib : autoinit.c.obj (.text:__TI_auto_init_nobinit_nopinit:__TI_auto_init_nobinit_nopinit)
                  00003214    00000036     i2cm_drv.obj (.text:I2CMRead)
                  0000324a    00000036     i2cm_drv.obj (.text:I2CMWrite)
                  00003280    00000036     i2cm_drv.obj (.text:I2CMWriteBatched)
                  000032b6    00000002     --HOLE-- [fill = 0]
                  000032b8    00000034     driverlib.lib : sysctl.obj (.text:SysCtlPeripheralEnable)
                  000032ec    00000034     rtsv7M4_T_le_v4SPD16_eabi.lib : boot_cortex_m.c.obj (.text:_c_int00_noargs:_c_int00_noargs)
                  00003320    0000002e                                   : i_tofd_t2.asm.obj (.text)
                  0000334e    0000002c     driverlib.lib : gpio.obj (.text:GPIODirModeSet)
                  0000337a    00000002     --HOLE-- [fill = 0]
                  0000337c    00000020                   : uart.obj (.text:UARTDisable)
                  0000339c    0000001c     rtsv7M4_T_le_v4SPD16_eabi.lib : copy_zero_init.c.obj (.text:decompress:ZI:__TI_zero_init_nomemset:__TI_zero_init_nomemset)
                  000033b8    00000018                                   : strcmp.c.obj (.text:strcmp)
                  000033d0    00000016     driverlib.lib : gpio.obj (.text:GPIOPinTypeI2C)
                  000033e6    00000016                   : gpio.obj (.text:GPIOPinTypeI2CSCL)
                  000033fc    00000016                   : gpio.obj (.text:GPIOPinTypeUART)
                  00003412    00000014                   : uart.obj (.text:UARTEnable)
                  00003426    0000000e     rtsv7M4_T_le_v4SPD16_eabi.lib : copy_decompress_none.c.obj (.text:decompress:none:__TI_decompress_none)
                  00003434    0000000c     driverlib.lib : interrupt.obj (.text:IntTrigger)
                  00003440    0000000c     tm4c123gh6pm_startup_ccs.obj (.text)
                  0000344c    0000000a     driverlib.lib : i2c.obj (.text:I2CMasterEnable)
                  00003456    00000008                   : i2c.obj (.text:I2CMasterBusy)
                  0000345e    00000008                   : i2c.obj (.text:I2CMasterIntClear)
                  00003466    00000008                   : i2c.obj (.text:I2CMasterIntEnableEx)
                  0000346e    00000008                   : i2c.obj (.text:I2CMasterSlaveAddrSet)
                  00003476    00000002     --HOLE-- [fill = 0]
                  00003478    00000008     rtsv7M4_T_le_v4SPD16_eabi.lib : errno.c.obj (.text:__aeabi_errno_addr)
                  00003480    00000006     driverlib.lib : sysctl.obj (.text:SysCtlDelay)
                  00003486    00000004                   : i2c.obj (.text:I2CMasterControl)
                  0000348a    00000004                   : i2c.obj (.text:I2CMasterDataGet)
                  0000348e    00000004                   : i2c.obj (.text:I2CMasterDataPut)
                  00003492    00000004     rtsv7M4_T_le_v4SPD16_eabi.lib : pre_init.c.obj (.text:_system_pre_init)
                  00003496    00000004                                   : exit.c.obj (.text:abort:abort)

.const     0    0000349c    0000012c     
                  0000349c    00000090     driverlib.lib : gpio.obj (.const:g_pui32GPIOBaseAddrs)
                  0000352c    0000006c                   : sysctl.obj (.const:g_pui32Xtals)
                  00003598    00000014                   : interrupt.obj (.const:g_pui32Dii16Regs)
                  000035ac    00000014                   : interrupt.obj (.const:g_pui32EnRegs)
                  000035c0    00000008     main.obj (.const)

.cinit     0    000035c8    00000058     
                  000035c8    00000030     (.cinit..data.load) [load image, compression = lzss]
                  000035f8    0000000c     (__TI_handler_table)
                  00003604    00000004     --HOLE-- [fill = 0]
                  00003608    00000008     (.cinit..bss.load) [load image, compression = zero_init]
                  00003610    00000010     (__TI_cinit_table)

.init_array 
*          0    00000000    00000000     UNINITIALIZED

.bss       0    20000200    00000180     UNINITIALIZED
                  20000200    00000124     (.common:g_sI2CMSimpleInst)
                  20000324    00000001     (.common:g_bMPU6050Done)
                  20000325    00000003     --HOLE--
                  20000328    00000030     mpu6050.obj (.bss)
                  20000358    00000010     mpu6050.obj (.bss:MPU6050_Buf_14_uint8)
                  20000368    00000010     mpu6050.obj (.bss:MPU6050_Buf_7_int16)
                  20000378    00000008     (.common:loop_time)

.data      0    20000380    0000004c     UNINITIALIZED
                  20000380    00000028     main.obj (.data)
                  200003a8    00000020     I2C.obj (.data)
                  200003c8    00000004     rtsv7M4_T_le_v4SPD16_eabi.lib : errno.c.obj (.data)

.stack     0    20000000    00000200     UNINITIALIZED
                  20000000    00000004     rtsv7M4_T_le_v4SPD16_eabi.lib : boot_cortex_m.c.obj (.stack)
                  20000004    000001fc     --HOLE--

__llvm_prf_cnts 
*          0    20000000    00000000     UNINITIALIZED

MODULE SUMMARY

       Module                         code    ro data   rw data
       ------                         ----    -------   -------
    .\
       i2cm_drv.obj                   3218    0         0      
       mpu6050.obj                    2304    0         80     
       main.obj                       1556    8         341    
       tm4c123gh6pm_startup_ccs.obj   12      620       0      
    +--+------------------------------+-------+---------+---------+
       Total:                         7090    628       421    
                                                               
    .\I2C\
       I2C.obj                        812     0         32     
    +--+------------------------------+-------+---------+---------+
       Total:                         812     0         32     
                                                               
    C:/ti/TivaWare_C_Series-2.2.0.295/driverlib/ccs/Debug/driverlib.lib
       sysctl.obj                     662     108       0      
       gpio.obj                       550     144       0      
       interrupt.obj                  320     40        0      
       i2c.obj                        130     0         0      
       uart.obj                       122     0         0      
    +--+------------------------------+-------+---------+---------+
       Total:                         1784    292       0      
                                                               
    C:\ti\ccs1200\ccs\tools\compiler\ti-cgt-arm_20.2.6.LTS\lib\rtsv7M4_T_le_v4SPD16_eabi.lib
       e_asin.c.obj                   980     0         0      
       fd_add_t2.asm.obj              438     0         0      
       e_sqrt.c.obj                   344     0         0      
       fd_div_t2.asm.obj              310     0         0      
       fd_mul_t2.asm.obj              252     0         0      
       memcpy_t2.asm.obj              156     0         0      
       fd_cmp_t2.asm.obj              134     0         0      
       fd_tos_t2.asm.obj              110     0         0      
       copy_decompress_lzss.c.obj     104     0         0      
       fd_toi_t2.asm.obj              72      0         0      
       autoinit.c.obj                 68      0         0      
       boot_cortex_m.c.obj            52      0         0      
       i_tofd_t2.asm.obj              46      0         0      
       copy_zero_init.c.obj           28      0         0      
       strcmp.c.obj                   24      0         0      
       copy_decompress_none.c.obj     14      0         0      
       errno.c.obj                    8       0         4      
       exit.c.obj                     4       0         0      
       pre_init.c.obj                 4       0         0      
    +--+------------------------------+-------+---------+---------+
       Total:                         3148    0         4      
                                                               
       Stack:                         0       0         512    
       Linker Generated:              0       84        0      
    +--+------------------------------+-------+---------+---------+
       Grand Total:                   12834   1004      969    


LINKER GENERATED COPY TABLES

__TI_cinit_table @ 00003610 records: 2, size/record: 8, table size: 16
	.data: load addr=000035c8, load size=00000030 bytes, run addr=20000380, run size=0000004c bytes, compression=lzss
	.bss: load addr=00003608, load size=00000008 bytes, run addr=20000200, run size=00000180 bytes, compression=zero_init


LINKER GENERATED HANDLER TABLE

__TI_handler_table @ 000035f8 records: 3, size/record: 4, table size: 12
	index: 0, handler: __TI_decompress_lzss
	index: 1, handler: __TI_decompress_none
	index: 2, handler: __TI_zero_init


GLOBAL SYMBOLS: SORTED ALPHABETICALLY BY Name 

address   name                          
-------   ----                          
00003497  C$$EXIT                       
00001cb3  ConfigureUART                 
0000334f  GPIODirModeSet                
00002629  GPIOPadConfigSet              
000030a9  GPIOPinConfigure              
000033d1  GPIOPinTypeI2C                
000033e7  GPIOPinTypeI2CSCL             
000033fd  GPIOPinTypeUART               
0000085d  I2CMCommand                   
00000807  I2CMInit                      
000006e9  I2CMIntHandler                
00003215  I2CMRead                      
00000d21  I2CMRead16BE                  
00000b47  I2CMReadModifyWrite16LE       
000009ff  I2CMReadModifyWrite8          
000017e7  I2CMSimpleIntHandler          
00000929  I2CMTransferResume            
0000324b  I2CMWrite                     
00000de7  I2CMWrite16BE                 
00000c55  I2CMWrite8                    
00003281  I2CMWriteBatched              
00003457  I2CMasterBusy                 
00003487  I2CMasterControl              
0000348b  I2CMasterDataGet              
0000348f  I2CMasterDataPut              
0000344d  I2CMasterEnable               
000030f5  I2CMasterInitExpClk           
0000345f  I2CMasterIntClear             
00003467  I2CMasterIntEnableEx          
0000346f  I2CMasterSlaveAddrSet         
00002145  I2C_Config                    
00002313  I2C_Read_bytes                
0000225f  I2C_Write_bytes               
0000175d  InitI2C0                      
00002ebd  IntDisable                    
00002f25  IntEnable                     
00002ff5  IntIsEnabled                  
00003435  IntTrigger                    
000017d5  MPU6050Callback               
000017f1  MPU6050Example                
000010e3  MPU6050_Calib_Set             
00000fdf  MPU6050_Calibrate             
00000e5d  MPU6050_Config                
0000121d  MPU6050_Read                  
00001325  MPU6050_Read_Angle            
000014cd  MPU6050_Read_Comple_Angle     
00000f4f  MPU6050_Read_raw              
00001159  MPU6050_Read_raw_Calibrated   
00003441  ResetISR                      
00002a25  SysCtlClockGet                
00002c39  SysCtlClockSet                
00003481  SysCtlDelay                   
000032b9  SysCtlPeripheralEnable        
00003059  SysCtlPeripheralReset         
00003189  UARTConfigSetExpClk           
0000337d  UARTDisable                   
00003413  UARTEnable                    
20000200  __STACK_END                   
00000200  __STACK_SIZE                  
20000200  __STACK_TOP                   
00003610  __TI_CINIT_Base               
00003620  __TI_CINIT_Limit              
000035f8  __TI_Handler_Table_Base       
00003604  __TI_Handler_Table_Limit      
000031d1  __TI_auto_init_nobinit_nopinit
00002f8d  __TI_decompress_lzss          
00003427  __TI_decompress_none          
ffffffff  __TI_pprof_out_hndl           
ffffffff  __TI_prof_data_size           
ffffffff  __TI_prof_data_start          
00000000  __TI_static_base__            
0000339d  __TI_zero_init_nomemset       
00002dc9  __aeabi_cdrcmple              
00002e4f  __aeabi_d2f                   
00003141  __aeabi_d2iz                  
0000247b  __aeabi_dadd                  
000028ed  __aeabi_ddiv                  
00002b3d  __aeabi_dmul                  
00002471  __aeabi_dsub                  
00003479  __aeabi_errno_addr            
00003321  __aeabi_i2d                   
00002d2d  __aeabi_memcpy                
00002d2d  __aeabi_memcpy4               
00002d2d  __aeabi_memcpy8               
ffffffff  __binit__                     
ffffffff  __c_args__                    
UNDEFED   __mpu_init                    
20000000  __stack                       
20000000  __start___llvm_prf_cnts       
20000000  __stop___llvm_prf_cnts        
000032ed  _c_int00_noargs               
UNDEFED   _system_post_cinit            
00003493  _system_pre_init              
00003497  abort                         
00001d71  asin                          
00001d71  asinl                         
ffffffff  binit                         
000017b9  delayMS                       
200003c8  errno                         
20000324  g_bMPU6050Done                
00000000  g_pfnVectors                  
20000200  g_sI2CMSimpleInst             
00001a85  int_to_char                   
20000378  loop_time                     
00001ced  main                          
00002d2d  memcpy                        
00001b4d  parser                        
00002795  sqrt                          
00002795  sqrtl                         
000033b9  strcmp                        
20000390  tmp_1                         
20000391  tmp_2                         
20000392  tmp_3                         
20000393  tmp_4                         
20000394  tmp_5                         
20000395  tmp_6                         
20000396  tmp_7                         
20000397  tmp_8                         
20000398  tmp_9                         


GLOBAL SYMBOLS: SORTED BY Symbol Address 

address   name                          
-------   ----                          
00000000  __TI_static_base__            
00000000  g_pfnVectors                  
00000200  __STACK_SIZE                  
000006e9  I2CMIntHandler                
00000807  I2CMInit                      
0000085d  I2CMCommand                   
00000929  I2CMTransferResume            
000009ff  I2CMReadModifyWrite8          
00000b47  I2CMReadModifyWrite16LE       
00000c55  I2CMWrite8                    
00000d21  I2CMRead16BE                  
00000de7  I2CMWrite16BE                 
00000e5d  MPU6050_Config                
00000f4f  MPU6050_Read_raw              
00000fdf  MPU6050_Calibrate             
000010e3  MPU6050_Calib_Set             
00001159  MPU6050_Read_raw_Calibrated   
0000121d  MPU6050_Read                  
00001325  MPU6050_Read_Angle            
000014cd  MPU6050_Read_Comple_Angle     
0000175d  InitI2C0                      
000017b9  delayMS                       
000017d5  MPU6050Callback               
000017e7  I2CMSimpleIntHandler          
000017f1  MPU6050Example                
00001a85  int_to_char                   
00001b4d  parser                        
00001cb3  ConfigureUART                 
00001ced  main                          
00001d71  asin                          
00001d71  asinl                         
00002145  I2C_Config                    
0000225f  I2C_Write_bytes               
00002313  I2C_Read_bytes                
00002471  __aeabi_dsub                  
0000247b  __aeabi_dadd                  
00002629  GPIOPadConfigSet              
00002795  sqrt                          
00002795  sqrtl                         
000028ed  __aeabi_ddiv                  
00002a25  SysCtlClockGet                
00002b3d  __aeabi_dmul                  
00002c39  SysCtlClockSet                
00002d2d  __aeabi_memcpy                
00002d2d  __aeabi_memcpy4               
00002d2d  __aeabi_memcpy8               
00002d2d  memcpy                        
00002dc9  __aeabi_cdrcmple              
00002e4f  __aeabi_d2f                   
00002ebd  IntDisable                    
00002f25  IntEnable                     
00002f8d  __TI_decompress_lzss          
00002ff5  IntIsEnabled                  
00003059  SysCtlPeripheralReset         
000030a9  GPIOPinConfigure              
000030f5  I2CMasterInitExpClk           
00003141  __aeabi_d2iz                  
00003189  UARTConfigSetExpClk           
000031d1  __TI_auto_init_nobinit_nopinit
00003215  I2CMRead                      
0000324b  I2CMWrite                     
00003281  I2CMWriteBatched              
000032b9  SysCtlPeripheralEnable        
000032ed  _c_int00_noargs               
00003321  __aeabi_i2d                   
0000334f  GPIODirModeSet                
0000337d  UARTDisable                   
0000339d  __TI_zero_init_nomemset       
000033b9  strcmp                        
000033d1  GPIOPinTypeI2C                
000033e7  GPIOPinTypeI2CSCL             
000033fd  GPIOPinTypeUART               
00003413  UARTEnable                    
00003427  __TI_decompress_none          
00003435  IntTrigger                    
00003441  ResetISR                      
0000344d  I2CMasterEnable               
00003457  I2CMasterBusy                 
0000345f  I2CMasterIntClear             
00003467  I2CMasterIntEnableEx          
0000346f  I2CMasterSlaveAddrSet         
00003479  __aeabi_errno_addr            
00003481  SysCtlDelay                   
00003487  I2CMasterControl              
0000348b  I2CMasterDataGet              
0000348f  I2CMasterDataPut              
00003493  _system_pre_init              
00003497  C$$EXIT                       
00003497  abort                         
000035f8  __TI_Handler_Table_Base       
00003604  __TI_Handler_Table_Limit      
00003610  __TI_CINIT_Base               
00003620  __TI_CINIT_Limit              
20000000  __stack                       
20000000  __start___llvm_prf_cnts       
20000000  __stop___llvm_prf_cnts        
20000200  __STACK_END                   
20000200  __STACK_TOP                   
20000200  g_sI2CMSimpleInst             
20000324  g_bMPU6050Done                
20000378  loop_time                     
20000390  tmp_1                         
20000391  tmp_2                         
20000392  tmp_3                         
20000393  tmp_4                         
20000394  tmp_5                         
20000395  tmp_6                         
20000396  tmp_7                         
20000397  tmp_8                         
20000398  tmp_9                         
200003c8  errno                         
ffffffff  __TI_pprof_out_hndl           
ffffffff  __TI_prof_data_size           
ffffffff  __TI_prof_data_start          
ffffffff  __binit__                     
ffffffff  __c_args__                    
ffffffff  binit                         
UNDEFED   __mpu_init                    
UNDEFED   _system_post_cinit            

[119 symbols]
